=== RUN   TestAdvancedClaims_ValidateSemantics
=== RUN   TestAdvancedClaims_ValidateSemantics/valid_claims_with_metadata
=== RUN   TestAdvancedClaims_ValidateSemantics/expired_token
=== RUN   TestAdvancedClaims_ValidateSemantics/future_issued_token
=== RUN   TestAdvancedClaims_ValidateSemantics/missing_audience
=== RUN   TestAdvancedClaims_ValidateSemantics/missing_subject
=== RUN   TestAdvancedClaims_ValidateSemantics/invalid_token_type
--- PASS: TestAdvancedClaims_ValidateSemantics (0.00s)
    --- PASS: TestAdvancedClaims_ValidateSemantics/valid_claims_with_metadata (0.00s)
    --- PASS: TestAdvancedClaims_ValidateSemantics/expired_token (0.00s)
    --- PASS: TestAdvancedClaims_ValidateSemantics/future_issued_token (0.00s)
    --- PASS: TestAdvancedClaims_ValidateSemantics/missing_audience (0.00s)
    --- PASS: TestAdvancedClaims_ValidateSemantics/missing_subject (0.00s)
    --- PASS: TestAdvancedClaims_ValidateSemantics/invalid_token_type (0.00s)
=== RUN   TestClaimsMetadata_Validate
=== RUN   TestClaimsMetadata_Validate/valid_metadata
=== RUN   TestClaimsMetadata_Validate/missing_version
=== RUN   TestClaimsMetadata_Validate/invalid_confidence_low
=== RUN   TestClaimsMetadata_Validate/invalid_confidence_high
--- PASS: TestClaimsMetadata_Validate (0.00s)
    --- PASS: TestClaimsMetadata_Validate/valid_metadata (0.00s)
    --- PASS: TestClaimsMetadata_Validate/missing_version (0.00s)
    --- PASS: TestClaimsMetadata_Validate/invalid_confidence_low (0.00s)
    --- PASS: TestClaimsMetadata_Validate/invalid_confidence_high (0.00s)
=== RUN   TestClaimsRestrictions_IsInTimeWindow
=== RUN   TestClaimsRestrictions_IsInTimeWindow/no_restrictions
=== RUN   TestClaimsRestrictions_IsInTimeWindow/no_time_window
=== RUN   TestClaimsRestrictions_IsInTimeWindow/always_allowed_time_window
--- PASS: TestClaimsRestrictions_IsInTimeWindow (0.00s)
    --- PASS: TestClaimsRestrictions_IsInTimeWindow/no_restrictions (0.00s)
    --- PASS: TestClaimsRestrictions_IsInTimeWindow/no_time_window (0.00s)
    --- PASS: TestClaimsRestrictions_IsInTimeWindow/always_allowed_time_window (0.00s)
=== RUN   TestAdvancedClaims_ToMapFromMap
--- PASS: TestAdvancedClaims_ToMapFromMap (0.00s)
=== RUN   TestCreatePASETOFooter
--- PASS: TestCreatePASETOFooter (0.00s)
=== RUN   TestExampleAdvancedClaims
--- PASS: TestExampleAdvancedClaims (0.00s)
=== RUN   TestTokenTypeValidation
=== RUN   TestTokenTypeValidation/valid_JWT
=== RUN   TestTokenTypeValidation/valid_PASETO
=== RUN   TestTokenTypeValidation/valid_access_token
=== RUN   TestTokenTypeValidation/valid_refresh_token
=== RUN   TestTokenTypeValidation/valid_id_token
=== RUN   TestTokenTypeValidation/valid_at+jwt
=== RUN   TestTokenTypeValidation/valid_rt+jwt
=== RUN   TestTokenTypeValidation/invalid_INVALID
=== RUN   TestTokenTypeValidation/invalid_custom
=== RUN   TestTokenTypeValidation/invalid_bearer
=== RUN   TestTokenTypeValidation/invalid_
--- PASS: TestTokenTypeValidation (0.00s)
    --- PASS: TestTokenTypeValidation/valid_JWT (0.00s)
    --- PASS: TestTokenTypeValidation/valid_PASETO (0.00s)
    --- PASS: TestTokenTypeValidation/valid_access_token (0.00s)
    --- PASS: TestTokenTypeValidation/valid_refresh_token (0.00s)
    --- PASS: TestTokenTypeValidation/valid_id_token (0.00s)
    --- PASS: TestTokenTypeValidation/valid_at+jwt (0.00s)
    --- PASS: TestTokenTypeValidation/valid_rt+jwt (0.00s)
    --- PASS: TestTokenTypeValidation/invalid_INVALID (0.00s)
    --- PASS: TestTokenTypeValidation/invalid_custom (0.00s)
    --- PASS: TestTokenTypeValidation/invalid_bearer (0.00s)
    --- PASS: TestTokenTypeValidation/invalid_ (0.00s)
=== RUN   TestService_ValidateAdvancedToken_Integration
--- PASS: TestService_ValidateAdvancedToken_Integration (0.00s)
=== RUN   TestService_ValidateAdvancedToken_ExpiredToken
--- PASS: TestService_ValidateAdvancedToken_ExpiredToken (0.00s)
=== RUN   TestService_ValidateAdvancedToken_TimeWindowRestriction
--- PASS: TestService_ValidateAdvancedToken_TimeWindowRestriction (0.00s)
=== RUN   TestPASETOValidation_StructuredFooter
--- PASS: TestPASETOValidation_StructuredFooter (0.00s)
=== RUN   TestAdvancedClaimsComplexScenarios
=== RUN   TestAdvancedClaimsComplexScenarios/multi_tenant_with_delegation
=== RUN   TestAdvancedClaimsComplexScenarios/high_risk_with_restrictions
=== RUN   TestAdvancedClaimsComplexScenarios/invalid_confidence_range
--- PASS: TestAdvancedClaimsComplexScenarios (0.00s)
    --- PASS: TestAdvancedClaimsComplexScenarios/multi_tenant_with_delegation (0.00s)
    --- PASS: TestAdvancedClaimsComplexScenarios/high_risk_with_restrictions (0.00s)
    --- PASS: TestAdvancedClaimsComplexScenarios/invalid_confidence_range (0.00s)
=== RUN   TestAdvancedTokenJSONSerialization
--- PASS: TestAdvancedTokenJSONSerialization (0.00s)
=== RUN   TestNewClockSkewValidator_DefaultTolerance
--- PASS: TestNewClockSkewValidator_DefaultTolerance (0.00s)
=== RUN   TestNewClockSkewValidator_CustomTolerance
--- PASS: TestNewClockSkewValidator_CustomTolerance (0.00s)
=== RUN   TestNewClockSkewValidator_InvalidEnv
--- PASS: TestNewClockSkewValidator_InvalidEnv (0.00s)
=== RUN   TestValidateTimestamp_WithinTolerance
=== RUN   TestValidateTimestamp_WithinTolerance/Current_time
=== RUN   TestValidateTimestamp_WithinTolerance/1_minute_in_past
=== RUN   TestValidateTimestamp_WithinTolerance/1_minute_in_future
=== RUN   TestValidateTimestamp_WithinTolerance/4_minutes_in_past
=== RUN   TestValidateTimestamp_WithinTolerance/4_minutes_in_future
--- PASS: TestValidateTimestamp_WithinTolerance (0.00s)
    --- PASS: TestValidateTimestamp_WithinTolerance/Current_time (0.00s)
    --- PASS: TestValidateTimestamp_WithinTolerance/1_minute_in_past (0.00s)
    --- PASS: TestValidateTimestamp_WithinTolerance/1_minute_in_future (0.00s)
    --- PASS: TestValidateTimestamp_WithinTolerance/4_minutes_in_past (0.00s)
    --- PASS: TestValidateTimestamp_WithinTolerance/4_minutes_in_future (0.00s)
=== RUN   TestValidateTimestamp_ExceedsTolerance
=== RUN   TestValidateTimestamp_ExceedsTolerance/10_minutes_in_past
=== RUN   TestValidateTimestamp_ExceedsTolerance/10_minutes_in_future
=== RUN   TestValidateTimestamp_ExceedsTolerance/1_hour_in_past
=== RUN   TestValidateTimestamp_ExceedsTolerance/1_hour_in_future
--- PASS: TestValidateTimestamp_ExceedsTolerance (0.00s)
    --- PASS: TestValidateTimestamp_ExceedsTolerance/10_minutes_in_past (0.00s)
    --- PASS: TestValidateTimestamp_ExceedsTolerance/10_minutes_in_future (0.00s)
    --- PASS: TestValidateTimestamp_ExceedsTolerance/1_hour_in_past (0.00s)
    --- PASS: TestValidateTimestamp_ExceedsTolerance/1_hour_in_future (0.00s)
=== RUN   TestParseJTI_ValidFormat
--- PASS: TestParseJTI_ValidFormat (0.00s)
=== RUN   TestParseJTI_InvalidFormats
=== RUN   TestParseJTI_InvalidFormats/Empty_string
=== RUN   TestParseJTI_InvalidFormats/Too_short
=== RUN   TestParseJTI_InvalidFormats/No_underscore
=== RUN   TestParseJTI_InvalidFormats/Invalid_timestamp
=== RUN   TestParseJTI_InvalidFormats/Missing_random_part
--- PASS: TestParseJTI_InvalidFormats (0.00s)
    --- PASS: TestParseJTI_InvalidFormats/Empty_string (0.00s)
    --- PASS: TestParseJTI_InvalidFormats/Too_short (0.00s)
    --- PASS: TestParseJTI_InvalidFormats/No_underscore (0.00s)
    --- PASS: TestParseJTI_InvalidFormats/Invalid_timestamp (0.00s)
    --- PASS: TestParseJTI_InvalidFormats/Missing_random_part (0.00s)
=== RUN   TestValidateJTITimestamp_Valid
--- PASS: TestValidateJTITimestamp_Valid (0.00s)
=== RUN   TestValidateJTITimestamp_Excessive
--- PASS: TestValidateJTITimestamp_Excessive (0.00s)
=== RUN   TestValidateJTITimestamp_InvalidJTI
--- PASS: TestValidateJTITimestamp_InvalidJTI (0.00s)
=== RUN   TestSkewMetrics_Recording
--- PASS: TestSkewMetrics_Recording (0.00s)
=== RUN   TestSkewMetrics_IsWarningLevel
=== RUN   TestSkewMetrics_IsWarningLevel/Below_warning_(100)
=== RUN   TestSkewMetrics_IsWarningLevel/At_warning_threshold_(210)
=== RUN   TestSkewMetrics_IsWarningLevel/Above_warning_(250)
=== RUN   TestSkewMetrics_IsWarningLevel/At_max_(300)
=== RUN   TestSkewMetrics_IsWarningLevel/Above_max_(400)
=== RUN   TestSkewMetrics_IsWarningLevel/Negative_below_warning_(-100)
=== RUN   TestSkewMetrics_IsWarningLevel/Negative_at_warning_(-210)
--- PASS: TestSkewMetrics_IsWarningLevel (0.00s)
    --- PASS: TestSkewMetrics_IsWarningLevel/Below_warning_(100) (0.00s)
    --- PASS: TestSkewMetrics_IsWarningLevel/At_warning_threshold_(210) (0.00s)
    --- PASS: TestSkewMetrics_IsWarningLevel/Above_warning_(250) (0.00s)
    --- PASS: TestSkewMetrics_IsWarningLevel/At_max_(300) (0.00s)
    --- PASS: TestSkewMetrics_IsWarningLevel/Above_max_(400) (0.00s)
    --- PASS: TestSkewMetrics_IsWarningLevel/Negative_below_warning_(-100) (0.00s)
    --- PASS: TestSkewMetrics_IsWarningLevel/Negative_at_warning_(-210) (0.00s)
=== RUN   TestSkewMetrics_GetStats
--- PASS: TestSkewMetrics_GetStats (0.00s)
=== RUN   TestClockSkewIntegration
    clock_skew_test.go:299: Integration test metrics: Validations: 2, Excessive: 1 (50.0%), Max: 3600s, Avg: 1800.0s
--- PASS: TestClockSkewIntegration (0.00s)
=== RUN   TestClockSkewValidator_EdgeCases
--- PASS: TestClockSkewValidator_EdgeCases (0.00s)
=== RUN   TestDisclosureService_TokenToSummary_ExtractsGrantedActions
=== RUN   TestDisclosureService_TokenToSummary_ExtractsGrantedActions/extracts_actions_from_PoA_definition
=== RUN   TestDisclosureService_TokenToSummary_ExtractsGrantedActions/returns_empty_actions_when_PoA_is_nil
--- PASS: TestDisclosureService_TokenToSummary_ExtractsGrantedActions (0.00s)
    --- PASS: TestDisclosureService_TokenToSummary_ExtractsGrantedActions/extracts_actions_from_PoA_definition (0.00s)
    --- PASS: TestDisclosureService_TokenToSummary_ExtractsGrantedActions/returns_empty_actions_when_PoA_is_nil (0.00s)
=== RUN   TestDisclosureService_SubscriptionTracking
=== RUN   TestDisclosureService_SubscriptionTracking/subscription_ID_is_included_in_authorization_detail
--- PASS: TestDisclosureService_SubscriptionTracking (0.00s)
    --- PASS: TestDisclosureService_SubscriptionTracking/subscription_ID_is_included_in_authorization_detail (0.00s)
=== RUN   TestDisclosureService_DetermineViolationSeverity
=== RUN   TestDisclosureService_DetermineViolationSeverity/critical_-_expired
=== RUN   TestDisclosureService_DetermineViolationSeverity/critical_-_revoked
=== RUN   TestDisclosureService_DetermineViolationSeverity/critical_-_invalid
=== RUN   TestDisclosureService_DetermineViolationSeverity/high_-_exceeded
=== RUN   TestDisclosureService_DetermineViolationSeverity/high_-_breach
=== RUN   TestDisclosureService_DetermineViolationSeverity/medium_-_warning
=== RUN   TestDisclosureService_DetermineViolationSeverity/low_-_general
--- PASS: TestDisclosureService_DetermineViolationSeverity (0.00s)
    --- PASS: TestDisclosureService_DetermineViolationSeverity/critical_-_expired (0.00s)
    --- PASS: TestDisclosureService_DetermineViolationSeverity/critical_-_revoked (0.00s)
    --- PASS: TestDisclosureService_DetermineViolationSeverity/critical_-_invalid (0.00s)
    --- PASS: TestDisclosureService_DetermineViolationSeverity/high_-_exceeded (0.00s)
    --- PASS: TestDisclosureService_DetermineViolationSeverity/high_-_breach (0.00s)
    --- PASS: TestDisclosureService_DetermineViolationSeverity/medium_-_warning (0.00s)
    --- PASS: TestDisclosureService_DetermineViolationSeverity/low_-_general (0.00s)
=== RUN   TestDisclosureService_ComplianceViolationsRetrieval
=== RUN   TestDisclosureService_ComplianceViolationsRetrieval/returns_empty_violations_when_token_not_tracked
=== RUN   TestDisclosureService_ComplianceViolationsRetrieval/returns_empty_violations_when_tracking_inactive
--- PASS: TestDisclosureService_ComplianceViolationsRetrieval (0.00s)
    --- PASS: TestDisclosureService_ComplianceViolationsRetrieval/returns_empty_violations_when_token_not_tracked (0.00s)
    --- PASS: TestDisclosureService_ComplianceViolationsRetrieval/returns_empty_violations_when_tracking_inactive (0.00s)
=== RUN   TestE2E_JWTSerializationRoundTrip
=== RUN   TestE2E_JWTSerializationRoundTrip/JWT_Compact_Serialization
    e2e_jwt_test.go:126: ✅ JWT compact serialization format validated: 3 parts
    e2e_jwt_test.go:127:    Header length: 36 chars
    e2e_jwt_test.go:128:    Payload length: 6218 chars
    e2e_jwt_test.go:129:    Signature length: 43 chars
=== RUN   TestE2E_JWTSerializationRoundTrip/JWT_Parsing_And_Validation
    e2e_jwt_test.go:241: ✅ JWT parsing successful
    e2e_jwt_test.go:242:    Algorithm: HS256
    e2e_jwt_test.go:243:    Type: JWT
    e2e_jwt_test.go:244:    Issuer: test-issuer
    e2e_jwt_test.go:245:    Subject: client-002
=== RUN   TestE2E_JWTSerializationRoundTrip/Extended_Token_Claims_Preservation
    e2e_jwt_test.go:347: ✅ Scope claim preserved: [read:user write:data admin:system]
    e2e_jwt_test.go:355: ✅ Grant ID preserved: grant-rich-001
    e2e_jwt_test.go:366: ✅ Extended token claims preserved through serialization
=== RUN   TestE2E_JWTSerializationRoundTrip/Token_Expiration_Handling
    e2e_jwt_test.go:489: ✅ Token expiration correctly set
    e2e_jwt_test.go:490:    Expires in: 821.812ms
    e2e_jwt_test.go:491:    Exp timestamp: 1764830132
--- PASS: TestE2E_JWTSerializationRoundTrip (0.00s)
    --- PASS: TestE2E_JWTSerializationRoundTrip/JWT_Compact_Serialization (0.00s)
    --- PASS: TestE2E_JWTSerializationRoundTrip/JWT_Parsing_And_Validation (0.00s)
    --- PASS: TestE2E_JWTSerializationRoundTrip/Extended_Token_Claims_Preservation (0.00s)
    --- PASS: TestE2E_JWTSerializationRoundTrip/Token_Expiration_Handling (0.00s)
=== RUN   TestE2E_ExtendedTokenService_Integration
=== RUN   TestE2E_ExtendedTokenService_Integration/Full_Token_Lifecycle
    e2e_jwt_test.go:621: ✅ Subject preserved: client-lifecycle
    e2e_jwt_test.go:627: ✅ Issuer preserved: gauth-issuer
    e2e_jwt_test.go:630: ✅ Full token lifecycle validated
    e2e_jwt_test.go:631:    Token length: 73 chars
    e2e_jwt_test.go:632:    Expires in: 7200 seconds
--- PASS: TestE2E_ExtendedTokenService_Integration (0.00s)
    --- PASS: TestE2E_ExtendedTokenService_Integration/Full_Token_Lifecycle (0.00s)
=== RUN   TestExtendedToken_Validate
=== RUN   TestExtendedToken_Validate/Valid_complete_token
=== RUN   TestExtendedToken_Validate/Missing_authorization_chain
=== RUN   TestExtendedToken_Validate/Missing_client_owner
=== RUN   TestExtendedToken_Validate/Missing_owner's_authorizer
--- PASS: TestExtendedToken_Validate (0.00s)
    --- PASS: TestExtendedToken_Validate/Valid_complete_token (0.00s)
    --- PASS: TestExtendedToken_Validate/Missing_authorization_chain (0.00s)
    --- PASS: TestExtendedToken_Validate/Missing_client_owner (0.00s)
    --- PASS: TestExtendedToken_Validate/Missing_owner's_authorizer (0.00s)
=== RUN   TestAuthorizationChain_Validate
=== RUN   TestAuthorizationChain_Validate/Valid_authorization_chain
=== RUN   TestAuthorizationChain_Validate/Broken_chain_-_client_not_authorized_by_owner
=== RUN   TestAuthorizationChain_Validate/Broken_chain_-_owner_not_authorized_by_authorizer
--- PASS: TestAuthorizationChain_Validate (0.00s)
    --- PASS: TestAuthorizationChain_Validate/Valid_authorization_chain (0.00s)
    --- PASS: TestAuthorizationChain_Validate/Broken_chain_-_client_not_authorized_by_owner (0.00s)
    --- PASS: TestAuthorizationChain_Validate/Broken_chain_-_owner_not_authorized_by_authorizer (0.00s)
=== RUN   TestExtendedToken_HasCommercialRegisterProof
=== RUN   TestExtendedToken_HasCommercialRegisterProof/Has_commercial_register_proof
=== RUN   TestExtendedToken_HasCommercialRegisterProof/No_commercial_register_proof
=== RUN   TestExtendedToken_HasCommercialRegisterProof/No_owner's_authorizer
--- PASS: TestExtendedToken_HasCommercialRegisterProof (0.00s)
    --- PASS: TestExtendedToken_HasCommercialRegisterProof/Has_commercial_register_proof (0.00s)
    --- PASS: TestExtendedToken_HasCommercialRegisterProof/No_commercial_register_proof (0.00s)
    --- PASS: TestExtendedToken_HasCommercialRegisterProof/No_owner's_authorizer (0.00s)
=== RUN   TestExtendedToken_Serialization
--- PASS: TestExtendedToken_Serialization (0.00s)
=== RUN   TestExtendedToken_LegalFrameworkValidation
--- PASS: TestExtendedToken_LegalFrameworkValidation (0.00s)
=== RUN   TestExtendedToken_RestrictionsValidation
--- PASS: TestExtendedToken_RestrictionsValidation (0.00s)
=== RUN   TestClaimSetAndReplayEnforcement
--- PASS: TestClaimSetAndReplayEnforcement (0.00s)
=== RUN   TestNotBeforeEnforcement
--- PASS: TestNotBeforeEnforcement (0.00s)
=== RUN   TestAudienceEnforcement
--- PASS: TestAudienceEnforcement (0.00s)
=== RUN   TestEdDSATokenIssueAndValidate
[crypto] NewManager: ttl=24h0m0s persistPath= autoRotate=
--- PASS: TestEdDSATokenIssueAndValidate (0.00s)
=== RUN   TestEdDSATokenTamper
[crypto] NewManager: ttl=24h0m0s persistPath= autoRotate=
DEBUG: ValidateSignature failed for kid CQ_CsAowUbk: invalid_signature
--- PASS: TestEdDSATokenTamper (0.00s)
=== RUN   TestEdDSAUnknownKid
[crypto] NewManager: ttl=24h0m0s persistPath= autoRotate=
DEBUG: ValidateSignature failed for kid UNKNOWN_nG0q3voA5Xs: unknown_kid
--- PASS: TestEdDSAUnknownKid (0.00s)
=== RUN   TestEdDSARotatedOldKeyStillValidUntilExpiry
[crypto] NewManager: ttl=2h0m0s persistPath= autoRotate=
[crypto] Rotate called. Previous key: &{V0ug__4Z670 2025-12-04 06:35:31.179946 +0000 UTC 2025-12-04 08:35:31.179946 +0000 UTC 2025-12-04 08:11:31.179946 +0000 UTC 2025-12-04 08:35:31.179946 +0000 UTC [219 211 177 152 121 56 215 75 241 98 241 224 52 49 161 199 101 229 42 203 190 147 187 182 86 33 129 40 3 21 204 98 87 75 160 255 254 25 235 189 192 224 26 216 152 182 42 112 44 124 66 137 132 33 141 32 75 146 92 188 187 93 225 202] [87 75 160 255 254 25 235 189 192 224 26 216 152 182 42 112 44 124 66 137 132 33 141 32 75 146 92 188 187 93 225 202] EdDSA sig}
[crypto] Rotate succeeded. New key: &{EjNZFz-bfkc 2025-12-04 06:35:31.179994 +0000 UTC 2025-12-04 08:35:31.179994 +0000 UTC 2025-12-04 08:11:31.179994 +0000 UTC 2025-12-04 08:35:31.179994 +0000 UTC [229 41 86 87 4 75 131 35 3 97 213 84 47 199 181 223 120 198 175 34 222 206 199 232 174 231 1 153 219 163 9 72 18 51 89 23 63 155 126 71 203 86 90 164 16 108 98 10 58 109 145 75 25 27 114 106 133 137 100 91 235 89 196 205] [18 51 89 23 63 155 126 71 203 86 90 164 16 108 98 10 58 109 145 75 25 27 114 106 133 137 100 91 235 89 196 205] EdDSA sig}
--- PASS: TestEdDSARotatedOldKeyStillValidUntilExpiry (0.00s)
=== RUN   TestHMACLegacyIssuanceValidation
--- PASS: TestHMACLegacyIssuanceValidation (0.00s)
=== RUN   TestHMACJWTLibPath
--- PASS: TestHMACJWTLibPath (0.00s)
=== RUN   TestParsingPropertyRoundTrip
--- PASS: TestParsingPropertyRoundTrip (0.01s)
=== RUN   TestParsingPropertyIdempotence
--- PASS: TestParsingPropertyIdempotence (0.00s)
=== RUN   TestParsingPropertyErrorPreservation
--- PASS: TestParsingPropertyErrorPreservation (0.00s)
=== RUN   TestParsingPropertyClaimExtraction
--- PASS: TestParsingPropertyClaimExtraction (0.00s)
=== RUN   TestParsingPropertyTimingBoundaries
--- PASS: TestParsingPropertyTimingBoundaries (0.00s)
=== RUN   TestParsingPropertyNullAndEmpty
--- PASS: TestParsingPropertyNullAndEmpty (0.00s)
=== RUN   TestJSONParseProperty
--- PASS: TestJSONParseProperty (0.00s)
=== RUN   TestSigningAndValidationHappyPath
--- PASS: TestSigningAndValidationHappyPath (0.00s)
=== RUN   TestTamperDetection
--- PASS: TestTamperDetection (0.00s)
=== RUN   TestExpiryEnforced
    gauth_signing_test.go:102: payload={"exp":1764830131,"iat":1764830131,"iss":"http://test","jti":"J_KqnOLfRThFqoDa2K9-dw","nbf":1764830131,"scope":"read","sub":"test-client"} now=1764830132 waitedUntil>1764830131
--- PASS: TestExpiryEnforced (0.81s)
=== RUN   TestProductionMissingSigningKeyFailsStartup
--- PASS: TestProductionMissingSigningKeyFailsStartup (0.00s)
=== RUN   TestViolationCounters
[crypto] NewManager: ttl=2h0m0s persistPath= autoRotate=
    gauth_violation_metrics_test.go:92: first validation should pass: invalid_token: Invalid token
--- FAIL: TestViolationCounters (0.00s)
=== RUN   TestGeographicScopeValidation_Success
--- PASS: TestGeographicScopeValidation_Success (0.00s)
=== RUN   TestGeographicScopeValidation_Failure
--- PASS: TestGeographicScopeValidation_Failure (0.00s)
=== RUN   TestGeographicScopeValidation_GlobalScope
--- PASS: TestGeographicScopeValidation_GlobalScope (0.00s)
=== RUN   TestGeographicScopeValidation_NoScopeStrict
--- PASS: TestGeographicScopeValidation_NoScopeStrict (0.00s)
=== RUN   TestGeographicScopeValidation_MultipleRegions
--- PASS: TestGeographicScopeValidation_MultipleRegions (0.00s)
=== RUN   TestGeographicScopeValidation_SubdivisionSupport
--- PASS: TestGeographicScopeValidation_SubdivisionSupport (0.00s)
=== RUN   TestAuthorizationChainValidation
    integration_test.go:105: ✓ Authorization chain validation passed
    integration_test.go:106:   - Valid: true
    integration_test.go:107:   - Chain Depth: 3
    integration_test.go:108:   - Link Validations: 3
--- PASS: TestAuthorizationChainValidation (0.16s)
=== RUN   TestUnifiedPIP
=== RUN   TestUnifiedPIP/RegisterClient
    integration_test.go:131: ✓ Client registered successfully
=== RUN   TestUnifiedPIP/RegisterClientOwner
    integration_test.go:143: ✓ Client owner registered successfully
=== RUN   TestUnifiedPIP/RegisterPoA
    integration_test.go:172: ✓ PoA registered successfully
=== RUN   TestUnifiedPIP/AttributeManagement
    integration_test.go:193: ✓ Attribute management working correctly
=== RUN   TestUnifiedPIP/GetStatus
    integration_test.go:207: ✓ PIP status retrieved successfully
    integration_test.go:208:   - Operational: true
    integration_test.go:209:   - Cache Enabled: true
    integration_test.go:210:   - Total Queries: 1
--- PASS: TestUnifiedPIP (0.00s)
    --- PASS: TestUnifiedPIP/RegisterClient (0.00s)
    --- PASS: TestUnifiedPIP/RegisterClientOwner (0.00s)
    --- PASS: TestUnifiedPIP/RegisterPoA (0.00s)
    --- PASS: TestUnifiedPIP/AttributeManagement (0.00s)
    --- PASS: TestUnifiedPIP/GetStatus (0.00s)
=== RUN   TestActionTaxonomy
=== RUN   TestActionTaxonomy/ValidateActionSet
    integration_test.go:237: ✓ Action set validated successfully
=== RUN   TestActionTaxonomy/GenerateTaxonomyReport
    integration_test.go:263: ✓ Taxonomy report generated successfully
    integration_test.go:264:   - Total Actions: 3
    integration_test.go:265:   - Overall Risk: medium
    integration_test.go:266:   - Requires Approval: 1
    integration_test.go:267:   - Summary: Total Actions: 3 | Overall Risk Level: medium | Actions Requiring Approval: 1 | Compliance Requirements: 7 unique requirements
=== RUN   TestActionTaxonomy/GetTransactionMetadata
    integration_test.go:285: ✓ Transaction metadata retrieved successfully
    integration_test.go:286:   - Type: Purchase
    integration_test.go:287:   - Category: Financial
    integration_test.go:288:   - Risk: medium
    integration_test.go:289:   - Description: Purchase of goods or services - requires budget and vendor approval
=== RUN   TestActionTaxonomy/ActionCompatibilityCheck
    integration_test.go:311: ✓ Action compatibility check passed
--- PASS: TestActionTaxonomy (0.00s)
    --- PASS: TestActionTaxonomy/ValidateActionSet (0.00s)
    --- PASS: TestActionTaxonomy/GenerateTaxonomyReport (0.00s)
    --- PASS: TestActionTaxonomy/GetTransactionMetadata (0.00s)
    --- PASS: TestActionTaxonomy/ActionCompatibilityCheck (0.00s)
=== RUN   TestExtendedTokenService
=== RUN   TestExtendedTokenService/ServiceCreation
    integration_test.go:343: ✓ Extended token service created successfully
--- PASS: TestExtendedTokenService (0.00s)
    --- PASS: TestExtendedTokenService/ServiceCreation (0.00s)
=== RUN   TestMockImplementations
=== RUN   TestMockImplementations/MockCommercialRegister
    integration_test.go:371: ✓ Mock commercial register working
=== RUN   TestMockImplementations/MockTrustServiceProvider
    integration_test.go:388: ✓ Mock trust service provider working
=== RUN   TestMockImplementations/MockRevocationChecker
    integration_test.go:401: ✓ Mock revocation checker working
--- PASS: TestMockImplementations (0.17s)
    --- PASS: TestMockImplementations/MockCommercialRegister (0.05s)
    --- PASS: TestMockImplementations/MockTrustServiceProvider (0.10s)
    --- PASS: TestMockImplementations/MockRevocationChecker (0.02s)
=== RUN   TestIntegration_CompleteFlow
=== RUN   TestIntegration_CompleteFlow/Step1_CreateAndValidateChain
    integration_test.go:494: ✓ Step 1: Authorization chain validated
=== RUN   TestIntegration_CompleteFlow/Step2_RegisterEntitiesInPIP
    integration_test.go:508: ✓ Step 2: Entities registered in PIP
=== RUN   TestIntegration_CompleteFlow/Step3_VerifyPIPOperational
    integration_test.go:520: ✓ Step 3: PIP operational and functioning
=== NAME  TestIntegration_CompleteFlow
    integration_test.go:523: 
        ✅ Complete integration flow test passed!
--- PASS: TestIntegration_CompleteFlow (0.16s)
    --- PASS: TestIntegration_CompleteFlow/Step1_CreateAndValidateChain (0.16s)
    --- PASS: TestIntegration_CompleteFlow/Step2_RegisterEntitiesInPIP (0.00s)
    --- PASS: TestIntegration_CompleteFlow/Step3_VerifyPIPOperational (0.00s)
=== RUN   TestJWEIntegration_TokenFormat
    jwe_integration_bench_test.go:139: ✅ JWE format test passed: 960 bytes
--- PASS: TestJWEIntegration_TokenFormat (0.02s)
=== RUN   TestJWEIntegration_TokenSizeOverhead
    jwe_integration_bench_test.go:166: JWT size: 487 bytes
    jwe_integration_bench_test.go:167: JWE size: 958 bytes
    jwe_integration_bench_test.go:168: Overhead: 471 bytes (96.7%)
--- PASS: TestJWEIntegration_TokenSizeOverhead (0.03s)
=== RUN   TestJWEIntegration_ErrorHandling
    jwe_integration_bench_test.go:212: ✅ Error handling test passed
--- PASS: TestJWEIntegration_ErrorHandling (0.07s)
=== RUN   TestJWEIntegration_KeyRotation
    jwe_integration_bench_test.go:261: ✅ Key rotation test passed
--- PASS: TestJWEIntegration_KeyRotation (0.09s)
=== RUN   TestJWEConfig_Validate
=== RUN   TestJWEConfig_Validate/disabled_config_is_valid
=== RUN   TestJWEConfig_Validate/valid_RSA_config
=== RUN   TestJWEConfig_Validate/valid_symmetric_config
=== RUN   TestJWEConfig_Validate/invalid_algorithm
=== RUN   TestJWEConfig_Validate/invalid_encryption
=== RUN   TestJWEConfig_Validate/missing_KeyID
=== RUN   TestJWEConfig_Validate/symmetric_key_wrong_size
--- PASS: TestJWEConfig_Validate (0.00s)
    --- PASS: TestJWEConfig_Validate/disabled_config_is_valid (0.00s)
    --- PASS: TestJWEConfig_Validate/valid_RSA_config (0.00s)
    --- PASS: TestJWEConfig_Validate/valid_symmetric_config (0.00s)
    --- PASS: TestJWEConfig_Validate/invalid_algorithm (0.00s)
    --- PASS: TestJWEConfig_Validate/invalid_encryption (0.00s)
    --- PASS: TestJWEConfig_Validate/missing_KeyID (0.00s)
    --- PASS: TestJWEConfig_Validate/symmetric_key_wrong_size (0.00s)
=== RUN   TestGenerateRSAKeyPair
=== RUN   TestGenerateRSAKeyPair/2048_bits
=== RUN   TestGenerateRSAKeyPair/3072_bits
=== RUN   TestGenerateRSAKeyPair/4096_bits
=== RUN   TestGenerateRSAKeyPair/1024_bits_(too_small)
=== RUN   TestGenerateRSAKeyPair/8192_bits_(too_large)
--- PASS: TestGenerateRSAKeyPair (1.19s)
    --- PASS: TestGenerateRSAKeyPair/2048_bits (0.17s)
    --- PASS: TestGenerateRSAKeyPair/3072_bits (0.17s)
    --- PASS: TestGenerateRSAKeyPair/4096_bits (0.86s)
    --- PASS: TestGenerateRSAKeyPair/1024_bits_(too_small) (0.00s)
    --- PASS: TestGenerateRSAKeyPair/8192_bits_(too_large) (0.00s)
=== RUN   TestSaveLoadRSAKeys
--- PASS: TestSaveLoadRSAKeys (0.03s)
=== RUN   TestNewJWEService_RSA
--- PASS: TestNewJWEService_RSA (0.04s)
=== RUN   TestNewJWEService_Symmetric
--- PASS: TestNewJWEService_Symmetric (0.00s)
=== RUN   TestJWEService_EncryptDecrypt_RSA
--- PASS: TestJWEService_EncryptDecrypt_RSA (0.03s)
=== RUN   TestJWEService_EncryptDecrypt_Symmetric
--- PASS: TestJWEService_EncryptDecrypt_Symmetric (0.00s)
=== RUN   TestJWEService_EncryptErrors
--- PASS: TestJWEService_EncryptErrors (0.00s)
=== RUN   TestJWEService_DecryptErrors
=== RUN   TestJWEService_DecryptErrors/empty_JWE_string
=== RUN   TestJWEService_DecryptErrors/invalid_JWE_format
=== RUN   TestJWEService_DecryptErrors/malformed_JWE
--- PASS: TestJWEService_DecryptErrors (0.00s)
    --- PASS: TestJWEService_DecryptErrors/empty_JWE_string (0.00s)
    --- PASS: TestJWEService_DecryptErrors/invalid_JWE_format (0.00s)
    --- PASS: TestJWEService_DecryptErrors/malformed_JWE (0.00s)
=== RUN   TestJWEService_Disabled
--- PASS: TestJWEService_Disabled (0.00s)
=== RUN   TestIsJWE
=== RUN   TestIsJWE/JWE_token_(5_parts)
=== RUN   TestIsJWE/JWT_token_(3_parts)
=== RUN   TestIsJWE/invalid_token_(2_parts)
=== RUN   TestIsJWE/empty_string
--- PASS: TestIsJWE (0.00s)
    --- PASS: TestIsJWE/JWE_token_(5_parts) (0.00s)
    --- PASS: TestIsJWE/JWT_token_(3_parts) (0.00s)
    --- PASS: TestIsJWE/invalid_token_(2_parts) (0.00s)
    --- PASS: TestIsJWE/empty_string (0.00s)
=== RUN   TestJWEService_RotateKeys
--- PASS: TestJWEService_RotateKeys (0.05s)
=== RUN   TestNewPowerAdministrationPoint
--- PASS: TestNewPowerAdministrationPoint (0.00s)
=== RUN   TestPAP_CreatePolicy
=== RUN   TestPAP_CreatePolicy/ValidPolicyCreation
=== RUN   TestPAP_CreatePolicy/NilRequest
=== RUN   TestPAP_CreatePolicy/MissingPolicyName
=== RUN   TestPAP_CreatePolicy/MissingPolicyType
--- PASS: TestPAP_CreatePolicy (0.00s)
    --- PASS: TestPAP_CreatePolicy/ValidPolicyCreation (0.00s)
    --- PASS: TestPAP_CreatePolicy/NilRequest (0.00s)
    --- PASS: TestPAP_CreatePolicy/MissingPolicyName (0.00s)
    --- PASS: TestPAP_CreatePolicy/MissingPolicyType (0.00s)
=== RUN   TestPAP_GetPolicy
=== RUN   TestPAP_GetPolicy/PolicyExists
=== RUN   TestPAP_GetPolicy/PolicyNotFound
--- PASS: TestPAP_GetPolicy (0.00s)
    --- PASS: TestPAP_GetPolicy/PolicyExists (0.00s)
    --- PASS: TestPAP_GetPolicy/PolicyNotFound (0.00s)
=== RUN   TestPAP_UpdatePolicy
=== RUN   TestPAP_UpdatePolicy/UpdateDraftPolicy
=== RUN   TestPAP_UpdatePolicy/UpdateNonExistentPolicy
=== RUN   TestPAP_UpdatePolicy/UpdateActivePolicy
=== RUN   TestPAP_UpdatePolicy/NilRequest
--- PASS: TestPAP_UpdatePolicy (0.00s)
    --- PASS: TestPAP_UpdatePolicy/UpdateDraftPolicy (0.00s)
    --- PASS: TestPAP_UpdatePolicy/UpdateNonExistentPolicy (0.00s)
    --- PASS: TestPAP_UpdatePolicy/UpdateActivePolicy (0.00s)
    --- PASS: TestPAP_UpdatePolicy/NilRequest (0.00s)
=== RUN   TestPAP_ActivatePolicy
=== RUN   TestPAP_ActivatePolicy/ActivateDraftPolicy
=== RUN   TestPAP_ActivatePolicy/ActivateNonDraftPolicy
=== RUN   TestPAP_ActivatePolicy/ActivateNonExistentPolicy
=== RUN   TestPAP_ActivatePolicy/ActivateInvalidPolicy
--- PASS: TestPAP_ActivatePolicy (0.00s)
    --- PASS: TestPAP_ActivatePolicy/ActivateDraftPolicy (0.00s)
    --- PASS: TestPAP_ActivatePolicy/ActivateNonDraftPolicy (0.00s)
    --- PASS: TestPAP_ActivatePolicy/ActivateNonExistentPolicy (0.00s)
    --- PASS: TestPAP_ActivatePolicy/ActivateInvalidPolicy (0.00s)
=== RUN   TestPAP_SuspendPolicy
=== RUN   TestPAP_SuspendPolicy/SuspendActivePolicy
=== RUN   TestPAP_SuspendPolicy/SuspendNonActivePolicy
=== RUN   TestPAP_SuspendPolicy/SuspendNonExistentPolicy
--- PASS: TestPAP_SuspendPolicy (0.00s)
    --- PASS: TestPAP_SuspendPolicy/SuspendActivePolicy (0.00s)
    --- PASS: TestPAP_SuspendPolicy/SuspendNonActivePolicy (0.00s)
    --- PASS: TestPAP_SuspendPolicy/SuspendNonExistentPolicy (0.00s)
=== RUN   TestPAP_RevokePolicy
=== RUN   TestPAP_RevokePolicy/RevokeActivePolicy
=== RUN   TestPAP_RevokePolicy/RevokeAlreadyRevokedPolicy
=== RUN   TestPAP_RevokePolicy/RevokeNonExistentPolicy
--- PASS: TestPAP_RevokePolicy (0.00s)
    --- PASS: TestPAP_RevokePolicy/RevokeActivePolicy (0.00s)
    --- PASS: TestPAP_RevokePolicy/RevokeAlreadyRevokedPolicy (0.00s)
    --- PASS: TestPAP_RevokePolicy/RevokeNonExistentPolicy (0.00s)
=== RUN   TestPAP_DeletePolicy
=== RUN   TestPAP_DeletePolicy/DeleteDraftPolicy
=== RUN   TestPAP_DeletePolicy/DeleteRevokedPolicy
=== RUN   TestPAP_DeletePolicy/DeleteActivePolicy
=== RUN   TestPAP_DeletePolicy/DeleteNonExistentPolicy
--- PASS: TestPAP_DeletePolicy (0.00s)
    --- PASS: TestPAP_DeletePolicy/DeleteDraftPolicy (0.00s)
    --- PASS: TestPAP_DeletePolicy/DeleteRevokedPolicy (0.00s)
    --- PASS: TestPAP_DeletePolicy/DeleteActivePolicy (0.00s)
    --- PASS: TestPAP_DeletePolicy/DeleteNonExistentPolicy (0.00s)
=== RUN   TestPAP_SearchPolicies
=== RUN   TestPAP_SearchPolicies/SearchByPolicyType
=== RUN   TestPAP_SearchPolicies/SearchByClientOwner
=== RUN   TestPAP_SearchPolicies/SearchByOwnersAuthorizer
=== RUN   TestPAP_SearchPolicies/SearchByTags
=== RUN   TestPAP_SearchPolicies/SearchByMultipleTags
=== RUN   TestPAP_SearchPolicies/SearchByStatus
=== RUN   TestPAP_SearchPolicies/SearchWithLimit
=== RUN   TestPAP_SearchPolicies/SearchNoResults
--- PASS: TestPAP_SearchPolicies (0.00s)
    --- PASS: TestPAP_SearchPolicies/SearchByPolicyType (0.00s)
    --- PASS: TestPAP_SearchPolicies/SearchByClientOwner (0.00s)
    --- PASS: TestPAP_SearchPolicies/SearchByOwnersAuthorizer (0.00s)
    --- PASS: TestPAP_SearchPolicies/SearchByTags (0.00s)
    --- PASS: TestPAP_SearchPolicies/SearchByMultipleTags (0.00s)
    --- PASS: TestPAP_SearchPolicies/SearchByStatus (0.00s)
    --- PASS: TestPAP_SearchPolicies/SearchWithLimit (0.00s)
    --- PASS: TestPAP_SearchPolicies/SearchNoResults (0.00s)
=== RUN   TestPAP_ListPolicies
=== RUN   TestPAP_ListPolicies/ListAllPolicies
=== RUN   TestPAP_ListPolicies/ListDraftPolicies
=== RUN   TestPAP_ListPolicies/ListActivePolicies
=== RUN   TestPAP_ListPolicies/ListRevokedPolicies
--- PASS: TestPAP_ListPolicies (0.00s)
    --- PASS: TestPAP_ListPolicies/ListAllPolicies (0.00s)
    --- PASS: TestPAP_ListPolicies/ListDraftPolicies (0.00s)
    --- PASS: TestPAP_ListPolicies/ListActivePolicies (0.00s)
    --- PASS: TestPAP_ListPolicies/ListRevokedPolicies (0.00s)
=== RUN   TestPAP_ValidatePolicy
=== RUN   TestPAP_ValidatePolicy/ValidPolicy
=== RUN   TestPAP_ValidatePolicy/InvalidPolicy_NoRules
=== RUN   TestPAP_ValidatePolicy/NonExistentPolicy
--- PASS: TestPAP_ValidatePolicy (0.00s)
    --- PASS: TestPAP_ValidatePolicy/ValidPolicy (0.00s)
    --- PASS: TestPAP_ValidatePolicy/InvalidPolicy_NoRules (0.00s)
    --- PASS: TestPAP_ValidatePolicy/NonExistentPolicy (0.00s)
=== RUN   TestPAP_GetPolicyStatistics
--- PASS: TestPAP_GetPolicyStatistics (0.00s)
=== RUN   TestPAP_ConcurrentAccess
--- PASS: TestPAP_ConcurrentAccess (0.00s)
=== RUN   TestPAP_PolicyLifecycleFlow
--- PASS: TestPAP_PolicyLifecycleFlow (0.00s)
=== RUN   TestParseClaimsBasic
--- PASS: TestParseClaimsBasic (0.00s)
=== RUN   TestParseClaimsDuplicate
--- PASS: TestParseClaimsDuplicate (0.00s)
=== RUN   TestParseClaimsDepthExceeded
--- PASS: TestParseClaimsDepthExceeded (0.00s)
=== RUN   TestNewProductionPEPAuditLogger
=== RUN   TestNewProductionPEPAuditLogger/with_valid_configuration
=== RUN   TestNewProductionPEPAuditLogger/with_zero_maxEntries_uses_default
=== RUN   TestNewProductionPEPAuditLogger/with_negative_maxEntries_uses_default
--- PASS: TestNewProductionPEPAuditLogger (0.00s)
    --- PASS: TestNewProductionPEPAuditLogger/with_valid_configuration (0.00s)
    --- PASS: TestNewProductionPEPAuditLogger/with_zero_maxEntries_uses_default (0.00s)
    --- PASS: TestNewProductionPEPAuditLogger/with_negative_maxEntries_uses_default (0.00s)
=== RUN   TestProductionPEPAuditLogger_LogEnforcement
=== RUN   TestProductionPEPAuditLogger_LogEnforcement/logs_single_enforcement_successfully
=== RUN   TestProductionPEPAuditLogger_LogEnforcement/logs_multiple_enforcements
=== RUN   TestProductionPEPAuditLogger_LogEnforcement/rotates_when_maxEntries_exceeded
=== RUN   TestProductionPEPAuditLogger_LogEnforcement/thread-safe_concurrent_logging
--- PASS: TestProductionPEPAuditLogger_LogEnforcement (0.02s)
    --- PASS: TestProductionPEPAuditLogger_LogEnforcement/logs_single_enforcement_successfully (0.00s)
    --- PASS: TestProductionPEPAuditLogger_LogEnforcement/logs_multiple_enforcements (0.01s)
    --- PASS: TestProductionPEPAuditLogger_LogEnforcement/rotates_when_maxEntries_exceeded (0.01s)
    --- PASS: TestProductionPEPAuditLogger_LogEnforcement/thread-safe_concurrent_logging (0.00s)
=== RUN   TestProductionPEPAuditLogger_LogViolation
=== RUN   TestProductionPEPAuditLogger_LogViolation/logs_single_violation_successfully
=== RUN   TestProductionPEPAuditLogger_LogViolation/logs_multiple_violations_with_different_severities
=== RUN   TestProductionPEPAuditLogger_LogViolation/rotates_when_maxEntries_exceeded
=== RUN   TestProductionPEPAuditLogger_LogViolation/thread-safe_concurrent_violation_logging
--- PASS: TestProductionPEPAuditLogger_LogViolation (0.01s)
    --- PASS: TestProductionPEPAuditLogger_LogViolation/logs_single_violation_successfully (0.00s)
    --- PASS: TestProductionPEPAuditLogger_LogViolation/logs_multiple_violations_with_different_severities (0.00s)
    --- PASS: TestProductionPEPAuditLogger_LogViolation/rotates_when_maxEntries_exceeded (0.01s)
    --- PASS: TestProductionPEPAuditLogger_LogViolation/thread-safe_concurrent_violation_logging (0.00s)
=== RUN   TestProductionPEPAuditLogger_GetEnforcements
=== RUN   TestProductionPEPAuditLogger_GetEnforcements/returns_empty_when_no_enforcements
=== RUN   TestProductionPEPAuditLogger_GetEnforcements/returns_all_enforcements_when_limit_exceeds_count
=== RUN   TestProductionPEPAuditLogger_GetEnforcements/respects_limit_parameter
=== RUN   TestProductionPEPAuditLogger_GetEnforcements/returns_most_recent_entries
--- PASS: TestProductionPEPAuditLogger_GetEnforcements (0.00s)
    --- PASS: TestProductionPEPAuditLogger_GetEnforcements/returns_empty_when_no_enforcements (0.00s)
    --- PASS: TestProductionPEPAuditLogger_GetEnforcements/returns_all_enforcements_when_limit_exceeds_count (0.00s)
    --- PASS: TestProductionPEPAuditLogger_GetEnforcements/respects_limit_parameter (0.00s)
    --- PASS: TestProductionPEPAuditLogger_GetEnforcements/returns_most_recent_entries (0.00s)
=== RUN   TestProductionPEPAuditLogger_GetViolations
=== RUN   TestProductionPEPAuditLogger_GetViolations/returns_empty_when_no_violations
=== RUN   TestProductionPEPAuditLogger_GetViolations/returns_all_violations_when_limit_exceeds_count
=== RUN   TestProductionPEPAuditLogger_GetViolations/respects_limit_parameter
--- PASS: TestProductionPEPAuditLogger_GetViolations (0.00s)
    --- PASS: TestProductionPEPAuditLogger_GetViolations/returns_empty_when_no_violations (0.00s)
    --- PASS: TestProductionPEPAuditLogger_GetViolations/returns_all_violations_when_limit_exceeds_count (0.00s)
    --- PASS: TestProductionPEPAuditLogger_GetViolations/respects_limit_parameter (0.00s)
=== RUN   TestProductionPEPAuditLogger_GetStatistics
=== RUN   TestProductionPEPAuditLogger_GetStatistics/returns_correct_statistics_for_empty_logger
=== RUN   TestProductionPEPAuditLogger_GetStatistics/returns_correct_statistics_after_logging
=== RUN   TestProductionPEPAuditLogger_GetStatistics/preserves_total_count_after_rotation
--- PASS: TestProductionPEPAuditLogger_GetStatistics (0.00s)
    --- PASS: TestProductionPEPAuditLogger_GetStatistics/returns_correct_statistics_for_empty_logger (0.00s)
    --- PASS: TestProductionPEPAuditLogger_GetStatistics/returns_correct_statistics_after_logging (0.00s)
    --- PASS: TestProductionPEPAuditLogger_GetStatistics/preserves_total_count_after_rotation (0.00s)
=== RUN   TestNoopPEPAuditLogger
=== RUN   TestNoopPEPAuditLogger/logs_enforcement_without_error
=== RUN   TestNoopPEPAuditLogger/logs_violation_without_error
--- PASS: TestNoopPEPAuditLogger (0.00s)
    --- PASS: TestNoopPEPAuditLogger/logs_enforcement_without_error (0.00s)
    --- PASS: TestNoopPEPAuditLogger/logs_violation_without_error (0.00s)
=== RUN   TestPDPBridge_EvaluatePolicy
=== RUN   TestPDPBridge_EvaluatePolicy/allow_decision_with_token_request
=== RUN   TestPDPBridge_EvaluatePolicy/deny_decision_with_token_request
=== RUN   TestPDPBridge_EvaluatePolicy/allow_decision_with_auth_request
=== RUN   TestPDPBridge_EvaluatePolicy/allow_decision_with_grant
=== RUN   TestPDPBridge_EvaluatePolicy/allow_decision_with_map_request
--- PASS: TestPDPBridge_EvaluatePolicy (0.00s)
    --- PASS: TestPDPBridge_EvaluatePolicy/allow_decision_with_token_request (0.00s)
    --- PASS: TestPDPBridge_EvaluatePolicy/deny_decision_with_token_request (0.00s)
    --- PASS: TestPDPBridge_EvaluatePolicy/allow_decision_with_auth_request (0.00s)
    --- PASS: TestPDPBridge_EvaluatePolicy/allow_decision_with_grant (0.00s)
    --- PASS: TestPDPBridge_EvaluatePolicy/allow_decision_with_map_request (0.00s)
=== RUN   TestPDPBridge_ConvertTokenRequest
--- PASS: TestPDPBridge_ConvertTokenRequest (0.00s)
=== RUN   TestPDPBridge_ConvertAuthRequest
--- PASS: TestPDPBridge_ConvertAuthRequest (0.00s)
=== RUN   TestPDPBridge_ConvertGrantRequest
--- PASS: TestPDPBridge_ConvertGrantRequest (0.00s)
=== RUN   TestPDPBridge_ConvertMapRequest
--- PASS: TestPDPBridge_ConvertMapRequest (0.00s)
=== RUN   TestPDPMetricsIntegration_EnforcementMetrics
--- PASS: TestPDPMetricsIntegration_EnforcementMetrics (0.00s)
=== RUN   TestPDPMetricsIntegration_ViolationMetrics
--- PASS: TestPDPMetricsIntegration_ViolationMetrics (0.00s)
=== RUN   TestPDPMetricsIntegration_BufferSizeGauges
--- PASS: TestPDPMetricsIntegration_BufferSizeGauges (0.00s)
=== RUN   TestPDPMetricsIntegration_NoopMetrics
--- PASS: TestPDPMetricsIntegration_NoopMetrics (0.00s)
=== RUN   TestPDPMetricsIntegration_MetricsDisabled
--- PASS: TestPDPMetricsIntegration_MetricsDisabled (0.00s)
=== RUN   TestSimplePDP_PAPIntegration
=== RUN   TestSimplePDP_PAPIntegration/PDP_without_PAP_fails_policy_operations
=== RUN   TestSimplePDP_PAPIntegration/PDP_with_PAP_successfully_manages_policies
--- PASS: TestSimplePDP_PAPIntegration (0.00s)
    --- PASS: TestSimplePDP_PAPIntegration/PDP_without_PAP_fails_policy_operations (0.00s)
    --- PASS: TestSimplePDP_PAPIntegration/PDP_with_PAP_successfully_manages_policies (0.00s)
=== RUN   TestInMemoryPolicyStore_CRUD
--- PASS: TestInMemoryPolicyStore_CRUD (0.00s)
=== RUN   TestInMemoryPolicyStore_List
--- PASS: TestInMemoryPolicyStore_List (0.00s)
=== RUN   TestInMemoryPolicyStore_Search
--- PASS: TestInMemoryPolicyStore_Search (0.00s)
=== RUN   TestInMemoryPolicyStore_Count
--- PASS: TestInMemoryPolicyStore_Count (0.00s)
=== RUN   TestInMemoryPolicyStore_IsolationCopy
--- PASS: TestInMemoryPolicyStore_IsolationCopy (0.00s)
=== RUN   TestPowerAdministrationPoint_WithPolicyStore
--- PASS: TestPowerAdministrationPoint_WithPolicyStore (0.00s)
=== RUN   TestNewPVPRouter
--- PASS: TestNewPVPRouter (0.00s)
=== RUN   TestPVPRouter_RegisterPVP
--- PASS: TestPVPRouter_RegisterPVP (0.00s)
=== RUN   TestPVPRouter_VerifyIdentityProof
=== RUN   TestPVPRouter_VerifyIdentityProof/route_to_OIDC_PVP
=== RUN   TestPVPRouter_VerifyIdentityProof/route_to_eIDAS_PVP
=== RUN   TestPVPRouter_VerifyIdentityProof/route_to_default_PVP_for_unregistered_method
=== RUN   TestPVPRouter_VerifyIdentityProof/nil_request
=== RUN   TestPVPRouter_VerifyIdentityProof/empty_proof_method
--- PASS: TestPVPRouter_VerifyIdentityProof (0.00s)
    --- PASS: TestPVPRouter_VerifyIdentityProof/route_to_OIDC_PVP (0.00s)
    --- PASS: TestPVPRouter_VerifyIdentityProof/route_to_eIDAS_PVP (0.00s)
    --- PASS: TestPVPRouter_VerifyIdentityProof/route_to_default_PVP_for_unregistered_method (0.00s)
    --- PASS: TestPVPRouter_VerifyIdentityProof/nil_request (0.00s)
    --- PASS: TestPVPRouter_VerifyIdentityProof/empty_proof_method (0.00s)
=== RUN   TestPVPRouter_VerifyIdentityProof_NoDefaultPVP
--- PASS: TestPVPRouter_VerifyIdentityProof_NoDefaultPVP (0.00s)
=== RUN   TestPVPRouter_GetSupportedProofMethods
--- PASS: TestPVPRouter_GetSupportedProofMethods (0.00s)
=== RUN   TestPVPRouter_ConcurrentAccess
--- PASS: TestPVPRouter_ConcurrentAccess (0.00s)
=== RUN   TestBoltReplayStore_ContainerSafetyCheck
    replay_store_bolt_security_test.go:38: ✅ BoltDB safety checks functional (not in container)
--- PASS: TestBoltReplayStore_ContainerSafetyCheck (0.02s)
=== RUN   TestBoltReplayStore_BypassFlag
    replay_store_bolt_security_test.go:67: ✅ Bypass flag mechanism functional
--- PASS: TestBoltReplayStore_BypassFlag (0.01s)
=== RUN   TestBoltReplayStore_Documentation
    replay_store_bolt_security_test.go:73: BoltDB Container Safety Behavior:
    replay_store_bolt_security_test.go:74: 
    replay_store_bolt_security_test.go:75: Environment: macOS (not in container)
    replay_store_bolt_security_test.go:76:   - /tmp paths: ✅ ACCEPTED (no container detection)
    replay_store_bolt_security_test.go:77:   - /data paths: ✅ ACCEPTED
    replay_store_bolt_security_test.go:78:   - Bypass flag: Not required
    replay_store_bolt_security_test.go:79: 
    replay_store_bolt_security_test.go:80: Environment: Docker/Kubernetes (in container)
    replay_store_bolt_security_test.go:81:   - /tmp paths: ❌ REJECTED (ephemeral storage)
    replay_store_bolt_security_test.go:82:   - /var/tmp paths: ❌ REJECTED (ephemeral storage)
    replay_store_bolt_security_test.go:83:   - /data paths with PVC: ✅ ACCEPTED (persistent)
    replay_store_bolt_security_test.go:84:   - Bypass flag GAUTH_ALLOW_UNSAFE_BOLTDB=1: ⚠️ UNSAFE (dev only)
    replay_store_bolt_security_test.go:85: 
    replay_store_bolt_security_test.go:86: Production Recommendation:
    replay_store_bolt_security_test.go:87:   - Use Redis for distributed replay protection
    replay_store_bolt_security_test.go:88:   - See REPLAY_STORE_MIGRATION_GUIDE.md
--- PASS: TestBoltReplayStore_Documentation (0.00s)
=== RUN   TestBoltReplayStore_CheckAndRecord
--- PASS: TestBoltReplayStore_CheckAndRecord (0.02s)
=== RUN   TestBoltReplayStore_Expiration
--- PASS: TestBoltReplayStore_Expiration (0.18s)
=== RUN   TestBoltReplayStore_Count
--- PASS: TestBoltReplayStore_Count (0.03s)
=== RUN   TestBoltReplayStore_Persistence
--- PASS: TestBoltReplayStore_Persistence (0.02s)
=== RUN   TestBoltReplayStore_CreateDirectory
--- PASS: TestBoltReplayStore_CreateDirectory (0.01s)
=== RUN   TestSecureJSONParser_BasicParsing
--- PASS: TestSecureJSONParser_BasicParsing (0.00s)
=== RUN   TestSecureJSONParser_DepthLimit
=== RUN   TestSecureJSONParser_DepthLimit/depth_3_allowed
=== RUN   TestSecureJSONParser_DepthLimit/depth_5_allowed_exact_limit
=== RUN   TestSecureJSONParser_DepthLimit/depth_6_rejected
=== RUN   TestSecureJSONParser_DepthLimit/array_depth_6_rejected
=== RUN   TestSecureJSONParser_DepthLimit/mixed_depth_6_rejected
--- PASS: TestSecureJSONParser_DepthLimit (0.00s)
    --- PASS: TestSecureJSONParser_DepthLimit/depth_3_allowed (0.00s)
    --- PASS: TestSecureJSONParser_DepthLimit/depth_5_allowed_exact_limit (0.00s)
    --- PASS: TestSecureJSONParser_DepthLimit/depth_6_rejected (0.00s)
    --- PASS: TestSecureJSONParser_DepthLimit/array_depth_6_rejected (0.00s)
    --- PASS: TestSecureJSONParser_DepthLimit/mixed_depth_6_rejected (0.00s)
=== RUN   TestSecureJSONParser_SizeLimit
--- PASS: TestSecureJSONParser_SizeLimit (0.00s)
=== RUN   TestSecureJSONParser_UTF8Validation
=== RUN   TestSecureJSONParser_UTF8Validation/valid_utf8_ascii
=== RUN   TestSecureJSONParser_UTF8Validation/valid_utf8_unicode
=== RUN   TestSecureJSONParser_UTF8Validation/invalid_utf8_sequence
--- PASS: TestSecureJSONParser_UTF8Validation (0.00s)
    --- PASS: TestSecureJSONParser_UTF8Validation/valid_utf8_ascii (0.00s)
    --- PASS: TestSecureJSONParser_UTF8Validation/valid_utf8_unicode (0.00s)
    --- PASS: TestSecureJSONParser_UTF8Validation/invalid_utf8_sequence (0.00s)
=== RUN   TestSecureJSONParser_StrictUnknownFields
--- PASS: TestSecureJSONParser_StrictUnknownFields (0.00s)
=== RUN   TestSecureJSONParser_MalformedJSON
=== RUN   TestSecureJSONParser_MalformedJSON/malformed_0
=== RUN   TestSecureJSONParser_MalformedJSON/malformed_1
=== RUN   TestSecureJSONParser_MalformedJSON/malformed_2
=== RUN   TestSecureJSONParser_MalformedJSON/malformed_3
=== RUN   TestSecureJSONParser_MalformedJSON/malformed_4
=== RUN   TestSecureJSONParser_MalformedJSON/malformed_5
=== RUN   TestSecureJSONParser_MalformedJSON/malformed_6
--- PASS: TestSecureJSONParser_MalformedJSON (0.00s)
    --- PASS: TestSecureJSONParser_MalformedJSON/malformed_0 (0.00s)
    --- PASS: TestSecureJSONParser_MalformedJSON/malformed_1 (0.00s)
    --- PASS: TestSecureJSONParser_MalformedJSON/malformed_2 (0.00s)
    --- PASS: TestSecureJSONParser_MalformedJSON/malformed_3 (0.00s)
    --- PASS: TestSecureJSONParser_MalformedJSON/malformed_4 (0.00s)
    --- PASS: TestSecureJSONParser_MalformedJSON/malformed_5 (0.00s)
    --- PASS: TestSecureJSONParser_MalformedJSON/malformed_6 (0.00s)
=== RUN   TestSecureJSONParser_NumericPrecision
=== RUN   TestSecureJSONParser_NumericPrecision/small_integer
=== RUN   TestSecureJSONParser_NumericPrecision/large_integer
=== RUN   TestSecureJSONParser_NumericPrecision/float_value
=== RUN   TestSecureJSONParser_NumericPrecision/scientific_notation
--- PASS: TestSecureJSONParser_NumericPrecision (0.00s)
    --- PASS: TestSecureJSONParser_NumericPrecision/small_integer (0.00s)
    --- PASS: TestSecureJSONParser_NumericPrecision/large_integer (0.00s)
    --- PASS: TestSecureJSONParser_NumericPrecision/float_value (0.00s)
    --- PASS: TestSecureJSONParser_NumericPrecision/scientific_notation (0.00s)
=== RUN   TestSecureJSONParser_EdgeCases
=== RUN   TestSecureJSONParser_EdgeCases/empty_object
=== RUN   TestSecureJSONParser_EdgeCases/empty_array
=== RUN   TestSecureJSONParser_EdgeCases/null_value
=== RUN   TestSecureJSONParser_EdgeCases/boolean_values
=== RUN   TestSecureJSONParser_EdgeCases/nested_empty_objects
--- PASS: TestSecureJSONParser_EdgeCases (0.00s)
    --- PASS: TestSecureJSONParser_EdgeCases/empty_object (0.00s)
    --- PASS: TestSecureJSONParser_EdgeCases/empty_array (0.00s)
    --- PASS: TestSecureJSONParser_EdgeCases/null_value (0.00s)
    --- PASS: TestSecureJSONParser_EdgeCases/boolean_values (0.00s)
    --- PASS: TestSecureJSONParser_EdgeCases/nested_empty_objects (0.00s)
=== RUN   TestComputeMaxDepth
=== RUN   TestComputeMaxDepth/flat_object
=== RUN   TestComputeMaxDepth/nested_2_levels
=== RUN   TestComputeMaxDepth/nested_5_levels
=== RUN   TestComputeMaxDepth/array_depth_3
=== RUN   TestComputeMaxDepth/mixed_nesting
=== RUN   TestComputeMaxDepth/string_with_brackets
--- PASS: TestComputeMaxDepth (0.00s)
    --- PASS: TestComputeMaxDepth/flat_object (0.00s)
    --- PASS: TestComputeMaxDepth/nested_2_levels (0.00s)
    --- PASS: TestComputeMaxDepth/nested_5_levels (0.00s)
    --- PASS: TestComputeMaxDepth/array_depth_3 (0.00s)
    --- PASS: TestComputeMaxDepth/mixed_nesting (0.00s)
    --- PASS: TestComputeMaxDepth/string_with_brackets (0.00s)
=== RUN   TestValidateJSONSecurity
=== RUN   TestValidateJSONSecurity/valid_json
=== RUN   TestValidateJSONSecurity/exceeds_size
=== RUN   TestValidateJSONSecurity/exceeds_depth
--- PASS: TestValidateJSONSecurity (0.00s)
    --- PASS: TestValidateJSONSecurity/valid_json (0.00s)
    --- PASS: TestValidateJSONSecurity/exceeds_size (0.00s)
    --- PASS: TestValidateJSONSecurity/exceeds_depth (0.00s)
=== RUN   TestSecureJSONParser_BackwardCompatibility
--- PASS: TestSecureJSONParser_BackwardCompatibility (0.00s)
=== RUN   TestGAuthPlusIntegration_SuccessorTakeover
=== RUN   TestGAuthPlusIntegration_SuccessorTakeover/NoSuccessorActive
    gauthplus_integration_test.go:51: Validation failed: capability check failed: failed to unmarshal limitations: json: cannot unmarshal object into Go value of type []string
=== RUN   TestGAuthPlusIntegration_SuccessorTakeover/ActivateSuccessor
    gauthplus_integration_test.go:96: Expected valid result, got: agent agent-successor-001 does not meet capability requirements
=== RUN   TestGAuthPlusIntegration_SuccessorTakeover/DeactivateSuccessor
    gauthplus_integration_test.go:135: Validation failed: capability check failed: failed to unmarshal limitations: json: cannot unmarshal object into Go value of type []string
--- FAIL: TestGAuthPlusIntegration_SuccessorTakeover (0.06s)
    --- FAIL: TestGAuthPlusIntegration_SuccessorTakeover/NoSuccessorActive (0.01s)
    --- FAIL: TestGAuthPlusIntegration_SuccessorTakeover/ActivateSuccessor (0.01s)
    --- FAIL: TestGAuthPlusIntegration_SuccessorTakeover/DeactivateSuccessor (0.01s)
=== RUN   TestGAuthPlusIntegration_DelegationDepth
=== RUN   TestGAuthPlusIntegration_DelegationDepth/CreateDelegationChain
=== RUN   TestGAuthPlusIntegration_DelegationDepth/DepthThreeShouldSucceed
    gauthplus_integration_test.go:195: Validation failed: delegation check failed: failed to get max depth: sql: no rows in result set
=== RUN   TestGAuthPlusIntegration_DelegationDepth/DepthFourShouldFail
    gauthplus_integration_test.go:213: Validation failed: delegation check failed: failed to get max depth: sql: no rows in result set
--- FAIL: TestGAuthPlusIntegration_DelegationDepth (0.02s)
    --- PASS: TestGAuthPlusIntegration_DelegationDepth/CreateDelegationChain (0.00s)
    --- FAIL: TestGAuthPlusIntegration_DelegationDepth/DepthThreeShouldSucceed (0.00s)
    --- FAIL: TestGAuthPlusIntegration_DelegationDepth/DepthFourShouldFail (0.00s)
=== RUN   TestGAuthPlusIntegration_CapabilityEnforcement
=== RUN   TestGAuthPlusIntegration_CapabilityEnforcement/NoAssessmentShouldFail
=== RUN   TestGAuthPlusIntegration_CapabilityEnforcement/InsufficientCapabilityShouldFail
=== RUN   TestGAuthPlusIntegration_CapabilityEnforcement/SufficientCapabilityShouldSucceed
=== RUN   TestGAuthPlusIntegration_CapabilityEnforcement/ExpiredAssessmentShouldWarn
--- PASS: TestGAuthPlusIntegration_CapabilityEnforcement (0.03s)
    --- PASS: TestGAuthPlusIntegration_CapabilityEnforcement/NoAssessmentShouldFail (0.01s)
    --- PASS: TestGAuthPlusIntegration_CapabilityEnforcement/InsufficientCapabilityShouldFail (0.01s)
    --- PASS: TestGAuthPlusIntegration_CapabilityEnforcement/SufficientCapabilityShouldSucceed (0.01s)
    --- PASS: TestGAuthPlusIntegration_CapabilityEnforcement/ExpiredAssessmentShouldWarn (0.00s)
=== RUN   TestGAuthPlusIntegration_FiduciaryViolations
=== RUN   TestGAuthPlusIntegration_FiduciaryViolations/NoViolationsShouldSucceed
=== RUN   TestGAuthPlusIntegration_FiduciaryViolations/MinorViolationShouldWarn
=== RUN   TestGAuthPlusIntegration_FiduciaryViolations/CriticalViolationShouldBlock
=== RUN   TestGAuthPlusIntegration_FiduciaryViolations/ResolvedViolationShouldSucceed
--- PASS: TestGAuthPlusIntegration_FiduciaryViolations (0.03s)
    --- PASS: TestGAuthPlusIntegration_FiduciaryViolations/NoViolationsShouldSucceed (0.01s)
    --- PASS: TestGAuthPlusIntegration_FiduciaryViolations/MinorViolationShouldWarn (0.00s)
    --- PASS: TestGAuthPlusIntegration_FiduciaryViolations/CriticalViolationShouldBlock (0.00s)
    --- PASS: TestGAuthPlusIntegration_FiduciaryViolations/ResolvedViolationShouldSucceed (0.00s)
=== RUN   TestGAuthPlusIntegration_ComplianceValidator
=== RUN   TestGAuthPlusIntegration_ComplianceValidator/RequestValidationWithGAuthPlus
    gauthplus_integration_test.go:568: Validation error (expected in test): gauthplus_validation_failed: agent 550e8400-e29b-41d4-a716-446655440001 does not meet capability requirements
--- PASS: TestGAuthPlusIntegration_ComplianceValidator (0.02s)
    --- PASS: TestGAuthPlusIntegration_ComplianceValidator/RequestValidationWithGAuthPlus (0.01s)
=== RUN   FuzzValidateToken
=== RUN   FuzzValidateToken/seed#0
=== RUN   FuzzValidateToken/seed#1
=== RUN   FuzzValidateToken/seed#2
=== RUN   FuzzValidateToken/seed#3
=== RUN   FuzzValidateToken/seed#4
=== RUN   FuzzValidateToken/seed#5
=== RUN   FuzzValidateToken/seed#6
=== RUN   FuzzValidateToken/seed#7
--- PASS: FuzzValidateToken (0.00s)
    --- PASS: FuzzValidateToken/seed#0 (0.00s)
    --- PASS: FuzzValidateToken/seed#1 (0.00s)
    --- PASS: FuzzValidateToken/seed#2 (0.00s)
    --- PASS: FuzzValidateToken/seed#3 (0.00s)
    --- PASS: FuzzValidateToken/seed#4 (0.00s)
    --- PASS: FuzzValidateToken/seed#5 (0.00s)
    --- PASS: FuzzValidateToken/seed#6 (0.00s)
    --- PASS: FuzzValidateToken/seed#7 (0.00s)
=== RUN   FuzzParseClaims
=== RUN   FuzzParseClaims/seed#0
=== RUN   FuzzParseClaims/seed#1
=== RUN   FuzzParseClaims/seed#2
=== RUN   FuzzParseClaims/seed#3
--- PASS: FuzzParseClaims (0.00s)
    --- PASS: FuzzParseClaims/seed#0 (0.00s)
    --- PASS: FuzzParseClaims/seed#1 (0.00s)
    --- PASS: FuzzParseClaims/seed#2 (0.00s)
    --- PASS: FuzzParseClaims/seed#3 (0.00s)
FAIL
FAIL	github.com/mauriciomferz/Gauth_go/pkg/gauth	3.791s
=== RUN   TestSemanticAllowList_Validate
=== RUN   TestSemanticAllowList_Validate/Valid_allow-list_with_single_contract
=== RUN   TestSemanticAllowList_Validate/Empty_allow-list_should_error
=== RUN   TestSemanticAllowList_Validate/Invalid_contract_address_format
=== RUN   TestSemanticAllowList_Validate/Contract_without_functions_should_error
=== RUN   TestSemanticAllowList_Validate/Invalid_function_signature_format
=== RUN   TestSemanticAllowList_Validate/Daily_limit_exceeds_weekly_limit_should_error
=== RUN   TestSemanticAllowList_Validate/Multisig_required_but_not_configured_should_error
--- PASS: TestSemanticAllowList_Validate (0.00s)
    --- PASS: TestSemanticAllowList_Validate/Valid_allow-list_with_single_contract (0.00s)
    --- PASS: TestSemanticAllowList_Validate/Empty_allow-list_should_error (0.00s)
    --- PASS: TestSemanticAllowList_Validate/Invalid_contract_address_format (0.00s)
    --- PASS: TestSemanticAllowList_Validate/Contract_without_functions_should_error (0.00s)
    --- PASS: TestSemanticAllowList_Validate/Invalid_function_signature_format (0.00s)
    --- PASS: TestSemanticAllowList_Validate/Daily_limit_exceeds_weekly_limit_should_error (0.00s)
    --- PASS: TestSemanticAllowList_Validate/Multisig_required_but_not_configured_should_error (0.00s)
=== RUN   TestMultisigConfig_Validate
=== RUN   TestMultisigConfig_Validate/Valid_2-of-3_multisig
=== RUN   TestMultisigConfig_Validate/Required_approvals_exceeds_total_signers
=== RUN   TestMultisigConfig_Validate/Zero_required_approvals_should_error
=== RUN   TestMultisigConfig_Validate/Mismatch_between_total_signers_and_authorized_signers_list
=== RUN   TestMultisigConfig_Validate/Duplicate_signers_should_error
--- PASS: TestMultisigConfig_Validate (0.00s)
    --- PASS: TestMultisigConfig_Validate/Valid_2-of-3_multisig (0.00s)
    --- PASS: TestMultisigConfig_Validate/Required_approvals_exceeds_total_signers (0.00s)
    --- PASS: TestMultisigConfig_Validate/Zero_required_approvals_should_error (0.00s)
    --- PASS: TestMultisigConfig_Validate/Mismatch_between_total_signers_and_authorized_signers_list (0.00s)
    --- PASS: TestMultisigConfig_Validate/Duplicate_signers_should_error (0.00s)
=== RUN   TestSemanticAllowList_IsContractAllowed
=== RUN   TestSemanticAllowList_IsContractAllowed/Allowed_contract_(lowercase)
=== RUN   TestSemanticAllowList_IsContractAllowed/Allowed_contract_(uppercase)
=== RUN   TestSemanticAllowList_IsContractAllowed/Allowed_contract_(mixed_case)
=== RUN   TestSemanticAllowList_IsContractAllowed/Not_allowed_contract
--- PASS: TestSemanticAllowList_IsContractAllowed (0.00s)
    --- PASS: TestSemanticAllowList_IsContractAllowed/Allowed_contract_(lowercase) (0.00s)
    --- PASS: TestSemanticAllowList_IsContractAllowed/Allowed_contract_(uppercase) (0.00s)
    --- PASS: TestSemanticAllowList_IsContractAllowed/Allowed_contract_(mixed_case) (0.00s)
    --- PASS: TestSemanticAllowList_IsContractAllowed/Not_allowed_contract (0.00s)
=== RUN   TestSemanticAllowList_IsFunctionAllowed
=== RUN   TestSemanticAllowList_IsFunctionAllowed/Allowed_function_on_allowed_contract
=== RUN   TestSemanticAllowList_IsFunctionAllowed/Not_allowed_function_on_allowed_contract
=== RUN   TestSemanticAllowList_IsFunctionAllowed/Allowed_function_on_not_allowed_contract
=== RUN   TestSemanticAllowList_IsFunctionAllowed/Case_insensitive_contract_address
--- PASS: TestSemanticAllowList_IsFunctionAllowed (0.00s)
    --- PASS: TestSemanticAllowList_IsFunctionAllowed/Allowed_function_on_allowed_contract (0.00s)
    --- PASS: TestSemanticAllowList_IsFunctionAllowed/Not_allowed_function_on_allowed_contract (0.00s)
    --- PASS: TestSemanticAllowList_IsFunctionAllowed/Allowed_function_on_not_allowed_contract (0.00s)
    --- PASS: TestSemanticAllowList_IsFunctionAllowed/Case_insensitive_contract_address (0.00s)
=== RUN   TestHardLimits_CheckTransactionValue
=== RUN   TestHardLimits_CheckTransactionValue/Value_within_limit
=== RUN   TestHardLimits_CheckTransactionValue/Value_equals_limit_(boundary)
=== RUN   TestHardLimits_CheckTransactionValue/Value_exceeds_limit
=== RUN   TestHardLimits_CheckTransactionValue/No_limit_set_(always_allowed)
--- PASS: TestHardLimits_CheckTransactionValue (0.00s)
    --- PASS: TestHardLimits_CheckTransactionValue/Value_within_limit (0.00s)
    --- PASS: TestHardLimits_CheckTransactionValue/Value_equals_limit_(boundary) (0.00s)
    --- PASS: TestHardLimits_CheckTransactionValue/Value_exceeds_limit (0.00s)
    --- PASS: TestHardLimits_CheckTransactionValue/No_limit_set_(always_allowed) (0.00s)
=== RUN   TestContractPermission_Validate
=== RUN   TestContractPermission_Validate/Valid_permission
=== RUN   TestContractPermission_Validate/Empty_address
=== RUN   TestContractPermission_Validate/Address_without_0x_prefix
=== RUN   TestContractPermission_Validate/Address_too_short
=== RUN   TestContractPermission_Validate/No_allowed_functions
--- PASS: TestContractPermission_Validate (0.00s)
    --- PASS: TestContractPermission_Validate/Valid_permission (0.00s)
    --- PASS: TestContractPermission_Validate/Empty_address (0.00s)
    --- PASS: TestContractPermission_Validate/Address_without_0x_prefix (0.00s)
    --- PASS: TestContractPermission_Validate/Address_too_short (0.00s)
    --- PASS: TestContractPermission_Validate/No_allowed_functions (0.00s)
PASS
ok  	github.com/mauriciomferz/Gauth_go/pkg/gauth/constraints	(cached)
=== RUN   TestBrazilCPFValidation
=== RUN   TestBrazilCPFValidation/Valid_CPF_format
=== RUN   TestBrazilCPFValidation/Invalid_format_-_too_short
=== RUN   TestBrazilCPFValidation/Invalid_format_-_too_long
=== RUN   TestBrazilCPFValidation/Invalid_format_-_letters
=== RUN   TestBrazilCPFValidation/All_same_digits
=== RUN   TestBrazilCPFValidation/Empty_CPF
--- PASS: TestBrazilCPFValidation (0.00s)
    --- PASS: TestBrazilCPFValidation/Valid_CPF_format (0.00s)
    --- PASS: TestBrazilCPFValidation/Invalid_format_-_too_short (0.00s)
    --- PASS: TestBrazilCPFValidation/Invalid_format_-_too_long (0.00s)
    --- PASS: TestBrazilCPFValidation/Invalid_format_-_letters (0.00s)
    --- PASS: TestBrazilCPFValidation/All_same_digits (0.00s)
    --- PASS: TestBrazilCPFValidation/Empty_CPF (0.00s)
=== RUN   TestCanadaSINValidation
=== RUN   TestCanadaSINValidation/Valid_business_SIN
=== RUN   TestCanadaSINValidation/Valid_temporary_SIN
=== RUN   TestCanadaSINValidation/Invalid_Luhn_check
=== RUN   TestCanadaSINValidation/Invalid_format_-_too_short
=== RUN   TestCanadaSINValidation/Invalid_format_-_letters
--- PASS: TestCanadaSINValidation (0.00s)
    --- PASS: TestCanadaSINValidation/Valid_business_SIN (0.00s)
    --- PASS: TestCanadaSINValidation/Valid_temporary_SIN (0.00s)
    --- PASS: TestCanadaSINValidation/Invalid_Luhn_check (0.00s)
    --- PASS: TestCanadaSINValidation/Invalid_format_-_too_short (0.00s)
    --- PASS: TestCanadaSINValidation/Invalid_format_-_letters (0.00s)
=== RUN   TestMexicoCURPValidation
=== RUN   TestMexicoCURPValidation/Format_validation
=== RUN   TestMexicoCURPValidation/Invalid_format_-_too_short
=== RUN   TestMexicoCURPValidation/Invalid_format_-_too_long
=== RUN   TestMexicoCURPValidation/Format_with_lowercase
=== RUN   TestMexicoCURPValidation/Invalid_gender_code
--- PASS: TestMexicoCURPValidation (0.00s)
    --- PASS: TestMexicoCURPValidation/Format_validation (0.00s)
    --- PASS: TestMexicoCURPValidation/Invalid_format_-_too_short (0.00s)
    --- PASS: TestMexicoCURPValidation/Invalid_format_-_too_long (0.00s)
    --- PASS: TestMexicoCURPValidation/Format_with_lowercase (0.00s)
    --- PASS: TestMexicoCURPValidation/Invalid_gender_code (0.00s)
=== RUN   TestSouthAfricaIDValidation
=== RUN   TestSouthAfricaIDValidation/Valid_ID_-_Male_Citizen
=== RUN   TestSouthAfricaIDValidation/Valid_ID_-_Female
=== RUN   TestSouthAfricaIDValidation/Invalid_format_-_too_short
=== RUN   TestSouthAfricaIDValidation/Invalid_Luhn_check
--- PASS: TestSouthAfricaIDValidation (0.00s)
    --- PASS: TestSouthAfricaIDValidation/Valid_ID_-_Male_Citizen (0.00s)
    --- PASS: TestSouthAfricaIDValidation/Valid_ID_-_Female (0.00s)
    --- PASS: TestSouthAfricaIDValidation/Invalid_format_-_too_short (0.00s)
    --- PASS: TestSouthAfricaIDValidation/Invalid_Luhn_check (0.00s)
=== RUN   TestNigeriaNINValidation
=== RUN   TestNigeriaNINValidation/Valid_NIN_format
=== RUN   TestNigeriaNINValidation/Invalid_format_-_too_short
=== RUN   TestNigeriaNINValidation/Invalid_format_-_too_long
=== RUN   TestNigeriaNINValidation/Invalid_format_-_letters
--- PASS: TestNigeriaNINValidation (0.00s)
    --- PASS: TestNigeriaNINValidation/Valid_NIN_format (0.00s)
    --- PASS: TestNigeriaNINValidation/Invalid_format_-_too_short (0.00s)
    --- PASS: TestNigeriaNINValidation/Invalid_format_-_too_long (0.00s)
    --- PASS: TestNigeriaNINValidation/Invalid_format_-_letters (0.00s)
=== RUN   TestKenyaNationalIDValidation
=== RUN   TestKenyaNationalIDValidation/Valid_8-digit_ID
=== RUN   TestKenyaNationalIDValidation/Valid_7-digit_ID
=== RUN   TestKenyaNationalIDValidation/Invalid_format_-_too_short
=== RUN   TestKenyaNationalIDValidation/Invalid_format_-_too_long
=== RUN   TestKenyaNationalIDValidation/Invalid_format_-_letters
--- PASS: TestKenyaNationalIDValidation (0.00s)
    --- PASS: TestKenyaNationalIDValidation/Valid_8-digit_ID (0.00s)
    --- PASS: TestKenyaNationalIDValidation/Valid_7-digit_ID (0.00s)
    --- PASS: TestKenyaNationalIDValidation/Invalid_format_-_too_short (0.00s)
    --- PASS: TestKenyaNationalIDValidation/Invalid_format_-_too_long (0.00s)
    --- PASS: TestKenyaNationalIDValidation/Invalid_format_-_letters (0.00s)
=== RUN   TestVerifyPassport_Valid
--- PASS: TestVerifyPassport_Valid (0.00s)
=== RUN   TestVerifyPassport_InvalidFormat
=== RUN   TestVerifyPassport_InvalidFormat/Too_Short
=== RUN   TestVerifyPassport_InvalidFormat/Too_Long
=== RUN   TestVerifyPassport_InvalidFormat/Contains_Letters
--- PASS: TestVerifyPassport_InvalidFormat (0.00s)
    --- PASS: TestVerifyPassport_InvalidFormat/Too_Short (0.00s)
    --- PASS: TestVerifyPassport_InvalidFormat/Too_Long (0.00s)
    --- PASS: TestVerifyPassport_InvalidFormat/Contains_Letters (0.00s)
=== RUN   TestVerifyPassport_Expired
--- PASS: TestVerifyPassport_Expired (0.00s)
=== RUN   TestVerifyDriverLicense_StateVariations
=== RUN   TestVerifyDriverLicense_StateVariations/CA_Valid
=== RUN   TestVerifyDriverLicense_StateVariations/CA_Invalid_-_No_Letter
=== RUN   TestVerifyDriverLicense_StateVariations/CA_Invalid_-_Too_Short
=== RUN   TestVerifyDriverLicense_StateVariations/TX_Valid_-_8_digits
=== RUN   TestVerifyDriverLicense_StateVariations/TX_Valid_-_7_digits
=== RUN   TestVerifyDriverLicense_StateVariations/TX_Invalid_-_Too_Short
=== RUN   TestVerifyDriverLicense_StateVariations/TX_Invalid_-_Contains_Letter
=== RUN   TestVerifyDriverLicense_StateVariations/FL_Valid
=== RUN   TestVerifyDriverLicense_StateVariations/FL_Invalid_-_No_Letter
=== RUN   TestVerifyDriverLicense_StateVariations/NY_Valid_-_9_digits
=== RUN   TestVerifyDriverLicense_StateVariations/NY_Valid_-_16_digits
=== RUN   TestVerifyDriverLicense_StateVariations/NY_Invalid_-_10_digits
=== RUN   TestVerifyDriverLicense_StateVariations/PA_Valid
=== RUN   TestVerifyDriverLicense_StateVariations/PA_Invalid_-_Too_Short
=== RUN   TestVerifyDriverLicense_StateVariations/IL_Valid
=== RUN   TestVerifyDriverLicense_StateVariations/IL_Invalid_-_No_Letter
=== RUN   TestVerifyDriverLicense_StateVariations/OH_Valid
=== RUN   TestVerifyDriverLicense_StateVariations/OH_Invalid_-_3_Letters
=== RUN   TestVerifyDriverLicense_StateVariations/GA_Valid_-_9_digits
=== RUN   TestVerifyDriverLicense_StateVariations/GA_Valid_-_7_digits
=== RUN   TestVerifyDriverLicense_StateVariations/GA_Invalid_-_Too_Short
=== RUN   TestVerifyDriverLicense_StateVariations/AZ_Valid_-_Format_1
=== RUN   TestVerifyDriverLicense_StateVariations/AZ_Valid_-_Format_2
=== RUN   TestVerifyDriverLicense_StateVariations/MI_Valid
=== RUN   TestVerifyDriverLicense_StateVariations/WA_Valid
--- PASS: TestVerifyDriverLicense_StateVariations (0.00s)
    --- PASS: TestVerifyDriverLicense_StateVariations/CA_Valid (0.00s)
    --- PASS: TestVerifyDriverLicense_StateVariations/CA_Invalid_-_No_Letter (0.00s)
    --- PASS: TestVerifyDriverLicense_StateVariations/CA_Invalid_-_Too_Short (0.00s)
    --- PASS: TestVerifyDriverLicense_StateVariations/TX_Valid_-_8_digits (0.00s)
    --- PASS: TestVerifyDriverLicense_StateVariations/TX_Valid_-_7_digits (0.00s)
    --- PASS: TestVerifyDriverLicense_StateVariations/TX_Invalid_-_Too_Short (0.00s)
    --- PASS: TestVerifyDriverLicense_StateVariations/TX_Invalid_-_Contains_Letter (0.00s)
    --- PASS: TestVerifyDriverLicense_StateVariations/FL_Valid (0.00s)
    --- PASS: TestVerifyDriverLicense_StateVariations/FL_Invalid_-_No_Letter (0.00s)
    --- PASS: TestVerifyDriverLicense_StateVariations/NY_Valid_-_9_digits (0.00s)
    --- PASS: TestVerifyDriverLicense_StateVariations/NY_Valid_-_16_digits (0.00s)
    --- PASS: TestVerifyDriverLicense_StateVariations/NY_Invalid_-_10_digits (0.00s)
    --- PASS: TestVerifyDriverLicense_StateVariations/PA_Valid (0.00s)
    --- PASS: TestVerifyDriverLicense_StateVariations/PA_Invalid_-_Too_Short (0.00s)
    --- PASS: TestVerifyDriverLicense_StateVariations/IL_Valid (0.00s)
    --- PASS: TestVerifyDriverLicense_StateVariations/IL_Invalid_-_No_Letter (0.00s)
    --- PASS: TestVerifyDriverLicense_StateVariations/OH_Valid (0.00s)
    --- PASS: TestVerifyDriverLicense_StateVariations/OH_Invalid_-_3_Letters (0.00s)
    --- PASS: TestVerifyDriverLicense_StateVariations/GA_Valid_-_9_digits (0.00s)
    --- PASS: TestVerifyDriverLicense_StateVariations/GA_Valid_-_7_digits (0.00s)
    --- PASS: TestVerifyDriverLicense_StateVariations/GA_Invalid_-_Too_Short (0.00s)
    --- PASS: TestVerifyDriverLicense_StateVariations/AZ_Valid_-_Format_1 (0.00s)
    --- PASS: TestVerifyDriverLicense_StateVariations/AZ_Valid_-_Format_2 (0.00s)
    --- PASS: TestVerifyDriverLicense_StateVariations/MI_Valid (0.00s)
    --- PASS: TestVerifyDriverLicense_StateVariations/WA_Valid (0.00s)
=== RUN   TestVerifyDriverLicense_EnhancedVerificationWarning
--- PASS: TestVerifyDriverLicense_EnhancedVerificationWarning (0.00s)
=== RUN   TestValidateSSN_Format
=== RUN   TestValidateSSN_Format/Valid_SSN
=== RUN   TestValidateSSN_Format/Too_Short
=== RUN   TestValidateSSN_Format/Too_Long
=== RUN   TestValidateSSN_Format/Contains_Dashes
=== RUN   TestValidateSSN_Format/Contains_Letters
=== RUN   TestValidateSSN_Format/All_Zeros_Area
=== RUN   TestValidateSSN_Format/All_Zeros_Group
=== RUN   TestValidateSSN_Format/All_Zeros_Serial
=== RUN   TestValidateSSN_Format/Area_666
=== RUN   TestValidateSSN_Format/Area_900
=== RUN   TestValidateSSN_Format/Area_950
=== RUN   TestValidateSSN_Format/Area_999
--- PASS: TestValidateSSN_Format (0.00s)
    --- PASS: TestValidateSSN_Format/Valid_SSN (0.00s)
    --- PASS: TestValidateSSN_Format/Too_Short (0.00s)
    --- PASS: TestValidateSSN_Format/Too_Long (0.00s)
    --- PASS: TestValidateSSN_Format/Contains_Dashes (0.00s)
    --- PASS: TestValidateSSN_Format/Contains_Letters (0.00s)
    --- PASS: TestValidateSSN_Format/All_Zeros_Area (0.00s)
    --- PASS: TestValidateSSN_Format/All_Zeros_Group (0.00s)
    --- PASS: TestValidateSSN_Format/All_Zeros_Serial (0.00s)
    --- PASS: TestValidateSSN_Format/Area_666 (0.00s)
    --- PASS: TestValidateSSN_Format/Area_900 (0.00s)
    --- PASS: TestValidateSSN_Format/Area_950 (0.00s)
    --- PASS: TestValidateSSN_Format/Area_999 (0.00s)
=== RUN   TestValidateSSN_Masking
=== RUN   TestValidateSSN_Masking/Valid_SSN
=== RUN   TestValidateSSN_Masking/Invalid_Length
=== RUN   TestValidateSSN_Masking/Empty
--- PASS: TestValidateSSN_Masking (0.00s)
    --- PASS: TestValidateSSN_Masking/Valid_SSN (0.00s)
    --- PASS: TestValidateSSN_Masking/Invalid_Length (0.00s)
    --- PASS: TestValidateSSN_Masking/Empty (0.00s)
=== RUN   TestVerifyStateID_Valid
--- PASS: TestVerifyStateID_Valid (0.00s)
=== RUN   TestCaching_VerifyPassport
--- PASS: TestCaching_VerifyPassport (0.00s)
=== RUN   TestCaching_Expiration
--- PASS: TestCaching_Expiration (0.15s)
=== RUN   TestCircuitBreaker_FailureHandling
--- PASS: TestCircuitBreaker_FailureHandling (0.15s)
=== RUN   TestRetryLogic_TransientErrors
--- PASS: TestRetryLogic_TransientErrors (0.01s)
=== RUN   TestFallbackProvider_Success
--- PASS: TestFallbackProvider_Success (0.00s)
PASS
ok  	github.com/mauriciomferz/Gauth_go/pkg/gauth/external	(cached)
?   	github.com/mauriciomferz/Gauth_go/pkg/gauth/external/providers	[no test files]
=== RUN   TestMockPowerVerificationPoint
=== RUN   TestMockPowerVerificationPoint/default_behavior_accepts_valid_requests
=== RUN   TestMockPowerVerificationPoint/rejects_empty_subject_ID
=== RUN   TestMockPowerVerificationPoint/custom_verify_function
=== RUN   TestMockPowerVerificationPoint/reset_clears_state
--- PASS: TestMockPowerVerificationPoint (0.04s)
    --- PASS: TestMockPowerVerificationPoint/default_behavior_accepts_valid_requests (0.01s)
    --- PASS: TestMockPowerVerificationPoint/rejects_empty_subject_ID (0.01s)
    --- PASS: TestMockPowerVerificationPoint/custom_verify_function (0.00s)
    --- PASS: TestMockPowerVerificationPoint/reset_clears_state (0.02s)
=== RUN   TestMockPIPClient
=== RUN   TestMockPIPClient/GetClientInfo_returns_mock_data
=== RUN   TestMockPIPClient/GetAuthorizationServerInfo_returns_mock_data
=== RUN   TestMockPIPClient/pre-configured_client_data
=== RUN   TestMockPIPClient/reset_clears_state
--- PASS: TestMockPIPClient (0.00s)
    --- PASS: TestMockPIPClient/GetClientInfo_returns_mock_data (0.00s)
    --- PASS: TestMockPIPClient/GetAuthorizationServerInfo_returns_mock_data (0.00s)
    --- PASS: TestMockPIPClient/pre-configured_client_data (0.00s)
    --- PASS: TestMockPIPClient/reset_clears_state (0.00s)
=== RUN   TestMockCommercialRegisterClient
=== RUN   TestMockCommercialRegisterClient/VerifyCompany_returns_mock_data
=== RUN   TestMockCommercialRegisterClient/VerifyManagingDirector_returns_mock_data
=== RUN   TestMockCommercialRegisterClient/VerifyPowerOfAttorney_returns_mock_data
=== RUN   TestMockCommercialRegisterClient/GetSignatoryRights_returns_mock_data
=== RUN   TestMockCommercialRegisterClient/GetCompanyStructure_returns_mock_data
=== RUN   TestMockCommercialRegisterClient/pre-configured_company_data
=== RUN   TestMockCommercialRegisterClient/reset_clears_state
--- PASS: TestMockCommercialRegisterClient (0.00s)
    --- PASS: TestMockCommercialRegisterClient/VerifyCompany_returns_mock_data (0.00s)
    --- PASS: TestMockCommercialRegisterClient/VerifyManagingDirector_returns_mock_data (0.00s)
    --- PASS: TestMockCommercialRegisterClient/VerifyPowerOfAttorney_returns_mock_data (0.00s)
    --- PASS: TestMockCommercialRegisterClient/GetSignatoryRights_returns_mock_data (0.00s)
    --- PASS: TestMockCommercialRegisterClient/GetCompanyStructure_returns_mock_data (0.00s)
    --- PASS: TestMockCommercialRegisterClient/pre-configured_company_data (0.00s)
    --- PASS: TestMockCommercialRegisterClient/reset_clears_state (0.00s)
PASS
ok  	github.com/mauriciomferz/Gauth_go/pkg/gauth/mocks	(cached)
?   	github.com/mauriciomferz/Gauth_go/pkg/gauth/pip	[no test files]
=== RUN   TestDualChannelVerifier_RequestVerification
[MOCK SMS] To: +1234567890
Message: GAuth Security: Confirm Power of Attorney creation with code: SFBC-DHRX (expires in 5 min)

[MOCK EMAIL] To: principal@example.com
Subject: GAuth: Confirm Power of Attorney Creation
Body:
Verification Code: SFBC-DHRX
This code expires in 5 minutes.
PoA ID: poa_test_123

--- PASS: TestDualChannelVerifier_RequestVerification (0.00s)
=== RUN   TestDualChannelVerifier_ConfirmVerification
[MOCK SMS] To: +1234567890
Message: GAuth Security: Confirm Power of Attorney creation with code: 6WHB-Q3ZO (expires in 5 min)

[MOCK EMAIL] To: principal@example.com
Subject: GAuth: Confirm Power of Attorney Creation
Body:
Verification Code: 6WHB-Q3ZO
This code expires in 5 minutes.
PoA ID: poa_test_123

--- PASS: TestDualChannelVerifier_ConfirmVerification (0.00s)
=== RUN   TestDualChannelVerifier_InvalidCode
[MOCK SMS] To: +1234567890
Message: GAuth Security: Confirm Power of Attorney creation with code: MJE7-LACU (expires in 5 min)

[MOCK EMAIL] To: principal@example.com
Subject: GAuth: Confirm Power of Attorney Creation
Body:
Verification Code: MJE7-LACU
This code expires in 5 minutes.
PoA ID: poa_test_123

--- PASS: TestDualChannelVerifier_InvalidCode (0.00s)
=== RUN   TestMaskPhoneNumber
=== RUN   TestMaskPhoneNumber/Standard_US_number
=== RUN   TestMaskPhoneNumber/Short_number
--- PASS: TestMaskPhoneNumber (0.00s)
    --- PASS: TestMaskPhoneNumber/Standard_US_number (0.00s)
    --- PASS: TestMaskPhoneNumber/Short_number (0.00s)
=== RUN   TestMaskEmail
=== RUN   TestMaskEmail/Standard_email
=== RUN   TestMaskEmail/Short_username
--- PASS: TestMaskEmail (0.00s)
    --- PASS: TestMaskEmail/Standard_email (0.00s)
    --- PASS: TestMaskEmail/Short_username (0.00s)
=== RUN   TestTimelockPoA_CreateWithDelay
[MOCK SMS] To: +1234567890
Message: 🔔 GAuth: New Power of Attorney Created: 
IMPORTANT: A new Power of Attorney has been created for your account.

⏰ Activation Time: 2025-12-01T09:14:37+01:00 (1 hours from now)

Details:
- PoA ID: poa_test_123
- Grantee: 0xAgent456
- Scope: Trading on Uniswap V3
- Created: 2025-12-01T08:14:37+01:00

🚨 IF YOU DID NOT AUTHORIZE THIS:
Cancel immediately: https://gauth.example.com/cancel/poa_test_123

This is a security feature. If your private key was stolen, this 24-hour 
delay gives you time to cancel the fraudulent PoA before it becomes active.

Questions? Contact security@gauth.example.com


[MOCK EMAIL] To: principal@example.com
Subject: 🔔 GAuth: New Power of Attorney Created
Body:

IMPORTANT: A new Power of Attorney has been created for your account.

⏰ Activation Time: 2025-12-01T09:14:37+01:00 (1 hours from now)

Details:
- PoA ID: poa_test_123
- Grantee: 0xAgent456
- Scope: Trading on Uniswap V3
- Created: 2025-12-01T08:14:37+01:00

🚨 IF YOU DID NOT AUTHORIZE THIS:
Cancel immediately: https://gauth.example.com/cancel/poa_test_123

This is a security feature. If your private key was stolen, this 24-hour 
delay gives you time to cancel the fraudulent PoA before it becomes active.

Questions? Contact security@gauth.example.com


--- PASS: TestTimelockPoA_CreateWithDelay (0.00s)
=== RUN   TestTimelockPoA_CancelPoA
[MOCK SMS] To: +1234567890
Message: 🔔 GAuth: New Power of Attorney Created: 
IMPORTANT: A new Power of Attorney has been created for your account.

⏰ Activation Time: 2025-12-01T09:14:37+01:00 (1 hours from now)

Details:
- PoA ID: poa_test_123
- Grantee: 0xAgent456
- Scope: Trading on Uniswap V3
- Created: 2025-12-01T08:14:37+01:00

🚨 IF YOU DID NOT AUTHORIZE THIS:
Cancel immediately: https://gauth.example.com/cancel/poa_test_123

This is a security feature. If your private key was stolen, this 24-hour 
delay gives you time to cancel the fraudulent PoA before it becomes active.

Questions? Contact security@gauth.example.com


[MOCK EMAIL] To: principal@example.com
Subject: 🔔 GAuth: New Power of Attorney Created
Body:

IMPORTANT: A new Power of Attorney has been created for your account.

⏰ Activation Time: 2025-12-01T09:14:37+01:00 (1 hours from now)

Details:
- PoA ID: poa_test_123
- Grantee: 0xAgent456
- Scope: Trading on Uniswap V3
- Created: 2025-12-01T08:14:37+01:00

🚨 IF YOU DID NOT AUTHORIZE THIS:
Cancel immediately: https://gauth.example.com/cancel/poa_test_123

This is a security feature. If your private key was stolen, this 24-hour 
delay gives you time to cancel the fraudulent PoA before it becomes active.

Questions? Contact security@gauth.example.com


[MOCK SMS] To: +1234567890
Message: GAuth: Power of Attorney Cancelled: 
Your Power of Attorney (ID: poa_test_123) has been successfully cancelled.

If you did not request this cancellation, your account may be compromised.
Please contact security@gauth.example.com immediately.

Cancelled at: 2025-12-01T08:14:37+01:00


[MOCK EMAIL] To: principal@example.com
Subject: GAuth: Power of Attorney Cancelled
Body:

Your Power of Attorney (ID: poa_test_123) has been successfully cancelled.

If you did not request this cancellation, your account may be compromised.
Please contact security@gauth.example.com immediately.

Cancelled at: 2025-12-01T08:14:37+01:00


--- PASS: TestTimelockPoA_CancelPoA (0.00s)
=== RUN   TestGenerateSecureCode
--- PASS: TestGenerateSecureCode (0.00s)
PASS
ok  	github.com/mauriciomferz/Gauth_go/pkg/gauth/verification	(cached)
FAIL
